 lencod

 Timestamp is 5571b71a (Fri Jun 05 22:50:02 2015)

 Preferred load address is 00400000

 Start         Length     Name                   Class
 0001:00000000 0007c1caH .text                   CODE
 0002:00000000 0000e4f1H .rdata                  DATA
 0002:0000e4f1 00000000H .edata                  DATA
 0003:00000000 00000004H .CRT$XCA                DATA
 0003:00000004 00000004H .CRT$XCZ                DATA
 0003:00000008 00000004H .CRT$XIA                DATA
 0003:0000000c 00000008H .CRT$XIC                DATA
 0003:00000014 00000004H .CRT$XIZ                DATA
 0003:00000018 00000004H .CRT$XPA                DATA
 0003:0000001c 00000004H .CRT$XPX                DATA
 0003:00000020 00000004H .CRT$XPZ                DATA
 0003:00000024 00000004H .CRT$XTA                DATA
 0003:00000028 00000004H .CRT$XTZ                DATA
 0003:00000030 00003ef4H .data                   DATA
 0003:00003f28 0005fdb0H .bss                    DATA
 0004:00000000 00000014H .idata$2                DATA
 0004:00000014 00000014H .idata$3                DATA
 0004:00000028 000000fcH .idata$4                DATA
 0004:00000124 000000fcH .idata$5                DATA
 0004:00000220 00000466H .idata$6                DATA

  Address         Publics by Value              Rva+Base     Lib:Object

 0001:00000000       _WriteAnnexbNALU           00401000 f   annexb.obj
 0001:000002e0       _OpenAnnexbFile            004012e0 f   annexb.obj
 0001:00000340       _CloseAnnexbFile           00401340 f   annexb.obj
 0001:00000390       _arienco_create_encoding_environment 00401390 f   biariencode.obj
 0001:000003e0       _arienco_delete_encoding_environment 004013e0 f   biariencode.obj
 0001:00000450       _arienco_start_encoding    00401450 f   biariencode.obj
 0001:000004e0       _arienco_bits_written      004014e0 f   biariencode.obj
 0001:00000520       _arienco_done_encoding     00401520 f   biariencode.obj
 0001:00000910       _biari_encode_symbol       00401910 f   biariencode.obj
 0001:00000d10       _biari_encode_symbol_eq_prob 00401d10 f   biariencode.obj
 0001:00001030       _biari_encode_symbol_final 00402030 f   biariencode.obj
 0001:00001390       _biari_init_context        00402390 f   biariencode.obj
 0001:00001450       _intrapred_luma            00402450 f   block.obj
 0001:00002670       _intrapred_luma_16x16      00403670 f   block.obj
 0001:00002ee0       _dct_luma_16x16            00403ee0 f   block.obj
 0001:000042a0       _dct_luma                  004052a0 f   block.obj
 0001:00004cd0       _dct_chroma                00405cd0 f   block.obj
 0001:00005dc0       _dct_luma_sp               00406dc0 f   block.obj
 0001:00006ee0       _dct_chroma_sp             00407ee0 f   block.obj
 0001:00008ae0       _copyblock_sp              00409ae0 f   block.obj
 0001:00009200       _cabac_new_slice           0040a200 f   cabac.obj
 0001:00009230       _CheckAvailabilityOfNeighborsCABAC 0040a230 f   cabac.obj
 0001:00009310       _create_contexts_MotionInfo 0040a310 f   cabac.obj
 0001:00009370       _create_contexts_TextureInfo 0040a370 f   cabac.obj
 0001:000093d0       _delete_contexts_MotionInfo 0040a3d0 f   cabac.obj
 0001:00009410       _delete_contexts_TextureInfo 0040a410 f   cabac.obj
 0001:00009450       _writeSyntaxElement_CABAC  0040a450 f   cabac.obj
 0001:000094e0       _writeFieldModeInfo_CABAC  0040a4e0 f   cabac.obj
 0001:00009610       _writeMB_skip_flagInfo_CABAC 0040a610 f   cabac.obj
 0001:00009820       _writeMB_typeInfo_CABAC    0040a820 f   cabac.obj
 0001:0000a2d0       _writeB8_typeInfo_CABAC    0040b2d0 f   cabac.obj
 0001:0000a6f0       _writeIntraPredMode_CABAC  0040b6f0 f   cabac.obj
 0001:0000a7c0       _writeRefFrame_CABAC       0040b7c0 f   cabac.obj
 0001:0000ab70       _writeDquant_CABAC         0040bb70 f   cabac.obj
 0001:0000aca0       _writeMVD_CABAC            0040bca0 f   cabac.obj
 0001:0000b100       _writeCIPredMode_CABAC     0040c100 f   cabac.obj
 0001:0000b220       _writeCBP_BIT_CABAC        0040c220 f   cabac.obj
 0001:0000b3d0       _writeCBP_CABAC            0040c3d0 f   cabac.obj
 0001:0000b630       _write_and_store_CBP_block_bit 0040c630 f   cabac.obj
 0001:0000bce0       _write_significance_map    0040cce0 f   cabac.obj
 0001:0000bf20       _write_significant_coefficients 0040cf20 f   cabac.obj
 0001:0000c0c0       _writeRunLevel_CABAC       0040d0c0 f   cabac.obj
 0001:0000c240       _unary_bin_encode          0040d240 f   cabac.obj
 0001:0000c2e0       _unary_bin_max_encode      0040d2e0 f   cabac.obj
 0001:0000c390       _exp_golomb_encode_eq_prob 0040d390 f   cabac.obj
 0001:0000c440       _unary_exp_golomb_level_encode 0040d440 f   cabac.obj
 0001:0000c520       _unary_exp_golomb_mv_encode 0040d520 f   cabac.obj
 0001:0000c630       _JMHelpExit                0040d630 f   configfile.obj
 0001:0000c680       _Configure                 0040d680 f   configfile.obj
 0001:0000d1b0       _CeilLog2                  0040e1b0 f   configfile.obj
 0001:0000e550       _PatchInputNoFrames        0040f550 f   configfile.obj
 0001:0000e950       _create_context_memory     0040f950 f   context_ini.obj
 0001:0000ec80       _free_context_memory       0040fc80 f   context_ini.obj
 0001:0000ed60       _SetCtxModelNumber         0040fd60 f   context_ini.obj
 0001:0000eea0       _init_contexts             0040fea0 f   context_ini.obj
 0001:0000fb10       _XRate                     00410b10 f   context_ini.obj
 0001:0000fc70       _GetCtxModelNumber         00410c70 f   context_ini.obj
 0001:000108e0       _store_contexts            004118e0 f   context_ini.obj
 0001:000109b0       _update_field_frame_contexts 004119b0 f   context_ini.obj
 0001:00010b10       _decode_one_b8block        00411b10 f   decoder.obj
 0001:000111d0       _decode_one_mb             004121d0 f   decoder.obj
 0001:000111f0       _Get_Reference_Block       004121f0 f   decoder.obj
 0001:000112a0       _Get_Reference_Pixel       004122a0 f   decoder.obj
 0001:00012420       _UpdateDecoders            00413420 f   decoder.obj
 0001:000124e0       _DecOneForthPix            004134e0 f   decoder.obj
 0001:00012580       _compute_residue_b8block   00413580 f   decoder.obj
 0001:00012720       _compute_residue_mb        00413720 f   decoder.obj
 0001:00012790       _Build_Status_Map          00413790 f   decoder.obj
 0001:00012970       _Error_Concealment         00413970 f   decoder.obj
 0001:00012a30       _Conceal_Error             00413a30 f   decoder.obj
 0001:00013360       _DefineThreshold           00414360 f   fast_me.obj
 0001:00013420       _DefineThresholdMB         00414420 f   fast_me.obj
 0001:00013540       _get_mem_mincost           00414540 f   fast_me.obj
 0001:000137b0       _get_mem_bwmincost         004147b0 f   fast_me.obj
 0001:00013a20       _get_mem_FME               00414a20 f   fast_me.obj
 0001:00013ad0       _free_mem_mincost          00414ad0 f   fast_me.obj
 0001:00013c10       _free_mem_bwmincost        00414c10 f   fast_me.obj
 0001:00013d50       _free_mem_FME              00414d50 f   fast_me.obj
 0001:00013dc0       _PartCalMad                00414dc0 f   fast_me.obj
 0001:00013fa0       _FastIntegerPelBlockMotionSearch 00414fa0 f   fast_me.obj
 0001:00015da0       _AddUpSADQuarter           00416da0 f   fast_me.obj
 0001:000164a0       _FastSubPelBlockMotionSearch 004174a0 f   fast_me.obj
 0001:00016bb0       _decide_intrabk_SAD        00417bb0 f   fast_me.obj
 0001:00016cc0       _skip_intrabk_SAD          00417cc0 f   fast_me.obj
 0001:00016df0       _error                     00417df0 f   filehandle.obj
 0001:00016e40       _start_sequence            00417e40 f   filehandle.obj
 0001:00016f90       _terminate_sequence        00417f90 f   filehandle.obj
 0001:00017030       _FmoInit                   00418030 f   fmo.obj
 0001:00017420       _FmoUninit                 00418420 f   fmo.obj
 0001:00017c60       _FmoStartPicture           00418c60 f   fmo.obj
 0001:00017cf0       _FmoEndPicture             00418cf0 f   fmo.obj
 0001:00017d20       _FmoMB2SliceGroup          00418d20 f   fmo.obj
 0001:00017db0       _FmoGetNextMBNr            00418db0 f   fmo.obj
 0001:00017e30       _FmoGetPreviousMBNr        00418e30 f   fmo.obj
 0001:00017ea0       _FmoGetFirstMBOfSliceGroup 00418ea0 f   fmo.obj
 0001:00017f20       _FmoGetLastCodedMBOfSliceGroup 00418f20 f   fmo.obj
 0001:00017f90       _FmoSetLastMacroblockInSlice 00418f90 f   fmo.obj
 0001:00018010       _FmoGetFirstMacroblockInSlice 00419010 f   fmo.obj
 0001:00018040       _FmoSliceGroupCompletelyCoded 00419040 f   fmo.obj
 0001:00018090       _SliceHeader               00419090 f   header.obj
 0001:00019260       _get_picture_type          0041a260 f   header.obj
 0001:000192f0       _Partition_BC_Header       0041a2f0 f   header.obj
 0001:00019430       _MbAffPostProc             0041a430 f   image.obj
 0001:00019830       _code_a_picture            0041a830 f   image.obj
 0001:00019d70       _encode_one_frame          0041ad70 f   image.obj
 0001:0001a820       _frame_picture             0041b820 f   image.obj
 0001:0001aa60       _field_picture             0041ba60 f   image.obj
 0001:0001bfb0       _UnifiedOneForthPix        0041cfb0 f   image.obj
 0001:0001e0f0       _dummy_slice_too_big       0041f0f0 f   image.obj
 0001:0001e120       _copy_rdopt_data           0041f120 f   image.obj
 0001:00020640       _RandomIntraInit           00421640 f   intrarefresh.obj
 0001:00020780       _RandomIntra               00421780 f   intrarefresh.obj
 0001:000207e0       _RandomIntraNewPicture     004217e0 f   intrarefresh.obj
 0001:00020860       _RandomIntraUninit         00421860 f   intrarefresh.obj
 0001:000208b0       _get_LeakyBucketRate       004218b0 f   leaky_bucket.obj
 0001:00020980       _PutBigDoubleWord          00421980 f   leaky_bucket.obj
 0001:00020a10       _write_buffer              00421a10 f   leaky_bucket.obj
 0001:00020c00       _Sort                      00421c00 f   leaky_bucket.obj
 0001:00020ca0       _calc_buffer               00421ca0 f   leaky_bucket.obj
 0001:000210b0       _main                      004220b0 f   lencod.obj
 0001:00021cb0       _report_stats_on_error     00422cb0 f   lencod.obj
 0001:00021dd0       _init_poc                  00422dd0 f   lencod.obj
 0001:00021f30       _CAVLC_init                00422f30 f   lencod.obj
 0001:00021fd0       _init_img                  00422fd0 f   lencod.obj
 0001:00022650       _free_img                  00423650 f   lencod.obj
 0001:000226f0       _malloc_picture            004236f0 f   lencod.obj
 0001:00022750       _free_picture              00423750 f   lencod.obj
 0001:000227a0       _report                    004237a0 f   lencod.obj
 0001:00024b80       _information_init          00425b80 f   lencod.obj
 0001:00024c50       _init_global_buffers       00425c50 f   lencod.obj
 0001:00025200       _free_global_buffers       00426200 f   lencod.obj
 0001:00025620       _get_mem_mv                00426620 f   lencod.obj
 0001:000258b0       _free_mem_mv               004268b0 f   lencod.obj
 0001:00025a20       _get_mem_ACcoeff           00426a20 f   lencod.obj
 0001:00025b90       _get_mem_DCcoeff           00426b90 f   lencod.obj
 0001:00025c90       _free_mem_ACcoeff          00426c90 f   lencod.obj
 0001:00025d70       _free_mem_DCcoeff          00426d70 f   lencod.obj
 0001:00025e10       _combine_field             00426e10 f   lencod.obj
 0001:00025fe0       _decide_fld_frame          00426fe0 f   lencod.obj
 0001:00026030       _process_2nd_IGOP          00427030 f   lencod.obj
 0001:00026100       _SetImgType                00427100 f   lencod.obj
 0001:00026210       _DeblockFrame              00427210 f   loopFilter.obj
 0001:00026280       _DeblockMb                 00427280 f   loopFilter.obj
 0001:000266d0       _GetStrength               004276d0 f   loopFilter.obj
 0001:000271d0       _EdgeLoop                  004281d0 f   loopFilter.obj
 0001:00027ce0       _set_MB_parameters         00428ce0 f   macroblock.obj
 0001:00027f00       _clip1a                    00428f00 f   macroblock.obj
 0001:00027f50       _proceed2nextMacroblock    00428f50 f   macroblock.obj
 0001:00028160       _start_macroblock          00429160 f   macroblock.obj
 0001:00028f80       _terminate_macroblock      00429f80 f   macroblock.obj
 0001:00029700       _slice_too_big             0042a700 f   macroblock.obj
 0001:00029840       _OneComponentLumaPrediction4x4 0042a840 f   macroblock.obj
 0001:00029c60       _copyblock4x4              0042ac60 f   macroblock.obj
 0001:00029dc0       _LumaPrediction4x4         0042adc0 f   macroblock.obj
 0001:0002a360       _LumaResidualCoding8x8     0042b360 f   macroblock.obj
 0001:0002a720       _SetModesAndRefframe       0042b720 f   macroblock.obj
 0001:0002a9b0       _LumaResidualCoding        0042b9b0 f   macroblock.obj
 0001:0002abd0       _OneComponentChromaPrediction4x4 0042bbd0 f   macroblock.obj
 0001:0002b050       _IntraChromaPrediction4x4  0042c050 f   macroblock.obj
 0001:0002b110       _ChromaPrediction4x4       0042c110 f   macroblock.obj
 0001:0002b620       _ChromaResidualCoding      0042c620 f   macroblock.obj
 0001:0002ba90       _IntraChromaPrediction8x8  0042ca90 f   macroblock.obj
 0001:0002c780       _ZeroRef                   0042d780 f   macroblock.obj
 0001:0002c810       _MBType2Value              0042d810 f   macroblock.obj
 0001:0002c980       _writeIntra4x4Modes        0042d980 f   macroblock.obj
 0001:0002cc70       _B8Mode2Value              0042dc70 f   macroblock.obj
 0001:0002ccc0       _writeMBHeader             0042dcc0 f   macroblock.obj
 0001:0002d7a0       _write_terminating_bit     0042e7a0 f   macroblock.obj
 0001:0002d820       _writeChromaIntraPredMode  0042e820 f   macroblock.obj
 0001:0002d960       _set_last_dquant           0042e960 f   macroblock.obj
 0001:0002da00       _write_one_macroblock      0042ea00 f   macroblock.obj
 0001:0002dd30       _BType2CtxRef              0042ed30 f   macroblock.obj
 0001:0002dd60       _writeReferenceFrame       0042ed60 f   macroblock.obj
 0001:0002dfc0       _writeMotionVector8x8      0042efc0 f   macroblock.obj
 0001:0002e290       _writeMotionInfo2NAL       0042f290 f   macroblock.obj
 0001:0002e790       _writeChromaCoeff          0042f790 f   macroblock.obj
 0001:0002ed40       _writeLumaCoeff4x4_CABAC   0042fd40 f   macroblock.obj
 0001:0002efa0       _writeLumaCoeff8x8         0042ffa0 f   macroblock.obj
 0001:0002f040       _writeCBPandLumaCoeff      00430040 f   macroblock.obj
 0001:0002f740       _predict_nnz               00430740 f   macroblock.obj
 0001:0002f840       _predict_nnz_chroma        00430840 f   macroblock.obj
 0001:0002f970       _writeCoeff4x4_CAVLC       00430970 f   macroblock.obj
 0001:000303d0       _find_sad_16x16            004313d0 f   macroblock.obj
 0001:00030ff0       _mb_is_available           00431ff0 f   mb_access.obj
 0001:00031080       _CheckAvailabilityOfNeighbors 00432080 f   mb_access.obj
 0001:00031440       _get_mb_block_pos          00432440 f   mb_access.obj
 0001:000314f0       _get_mb_pos                004324f0 f   mb_access.obj
 0001:00031550       _getNonAffNeighbour        00432550 f   mb_access.obj
 0001:00031760       _getAffNeighbour           00432760 f   mb_access.obj
 0001:00031fc0       _getNeighbour              00432fc0 f   mb_access.obj
 0001:00032050       _getLuma4x4Neighbour       00433050 f   mb_access.obj
 0001:00032110       _getChroma4x4Neighbour     00433110 f   mb_access.obj
 0001:000321d0       _dump_dpb                  004331d0 f   mbuffer.obj
 0001:000323c0       _getDpbSize                004333c0 f   mbuffer.obj
 0001:00032590       _init_dpb                  00433590 f   mbuffer.obj
 0001:000327d0       _free_dpb                  004337d0 f   mbuffer.obj
 0001:000328e0       _alloc_frame_store         004338e0 f   mbuffer.obj
 0001:00032980       _alloc_storable_picture    00433980 f   mbuffer.obj
 0001:00032c60       _free_frame_store          00433c60 f   mbuffer.obj
 0001:00032d10       _free_storable_picture     00433d10 f   mbuffer.obj
 0001:00032f40       _is_short_ref              00433f40 f   mbuffer.obj
 0001:00032f90       _is_long_ref               00433f90 f   mbuffer.obj
 0001:00032fe0       _init_lists                00433fe0 f   mbuffer.obj
 0001:00034450       _init_mbaff_lists          00435450 f   mbuffer.obj
 0001:00034640       _reorder_ref_pic_list      00435640 f   mbuffer.obj
 0001:00034cc0       _update_ref_list           00435cc0 f   mbuffer.obj
 0001:00034d80       _update_ltref_list         00435d80 f   mbuffer.obj
 0001:00034e40       _mm_update_max_long_term_frame_idx 00435e40 f   mbuffer.obj
 0001:00034fd0       _store_picture_in_dpb      00435fd0 f   mbuffer.obj
 0001:000367a0       _replace_top_pic_with_frame 004377a0 f   mbuffer.obj
 0001:00037190       _flush_dpb                 00438190 f   mbuffer.obj
 0001:00037220       _gen_field_ref_ids         00438220 f   mbuffer.obj
 0001:00037390       _dpb_split_field           00438390 f   mbuffer.obj
 0001:00038fd0       _dpb_combine_field         00439fd0 f   mbuffer.obj
 0001:00039fe0       _alloc_ref_pic_list_reordering_buffer 0043afe0 f   mbuffer.obj
 0001:0003a1a0       _free_ref_pic_list_reordering_buffer 0043b1a0 f   mbuffer.obj
 0001:0003a2a0       _fill_frame_num_gap        0043b2a0 f   mbuffer.obj
 0001:0003a3d0       _alloc_colocated           0043b3d0 f   mbuffer.obj
 0001:0003a6b0       _free_collocated           0043b6b0 f   mbuffer.obj
 0001:0003a8a0       _compute_collocated        0043b8a0 f   mbuffer.obj
 0001:0003d470       _get_mem2D                 0043e470 f   memalloc.obj
 0001:0003d530       _get_mem2Dint              0043e530 f   memalloc.obj
 0001:0003d600       _get_mem2Dint64            0043e600 f   memalloc.obj
 0001:0003d6d0       _get_mem3D                 0043e6d0 f   memalloc.obj
 0001:0003d770       _get_mem3Dint              0043e770 f   memalloc.obj
 0001:0003d810       _get_mem3Dint64            0043e810 f   memalloc.obj
 0001:0003d8b0       _get_mem4Dint              0043e8b0 f   memalloc.obj
 0001:0003d950       _free_mem2D                0043e950 f   memalloc.obj
 0001:0003d9d0       _free_mem2Dint             0043e9d0 f   memalloc.obj
 0001:0003da50       _free_mem2Dint64           0043ea50 f   memalloc.obj
 0001:0003dad0       _free_mem3D                0043ead0 f   memalloc.obj
 0001:0003db50       _free_mem3Dint             0043eb50 f   memalloc.obj
 0001:0003dbd0       _free_mem3Dint64           0043ebd0 f   memalloc.obj
 0001:0003dc50       _free_mem4Dint             0043ec50 f   memalloc.obj
 0001:0003dcd0       _no_mem_exit               0043ecd0 f   memalloc.obj
 0001:0003dd30       _InitializeFastFullIntegerSearch 0043ed30 f   mv-search.obj
 0001:0003e240       _ClearFastFullIntegerSearch 0043f240 f   mv-search.obj
 0001:0003e440       _ResetFastFullIntegerSearch 0043f440 f   mv-search.obj
 0001:0003e4c0       _SetupLargerBlocks         0043f4c0 f   mv-search.obj
 0001:0003eff0       _SetupFastFullPelSearch    0043fff0 f   mv-search.obj
 0001:0003fd60       _SetMotionVectorPredictor  00440d60 f   mv-search.obj
 0001:00040c80       _Init_Motion_Search_Module 00441c80 f   mv-search.obj
 0001:00041160       _Clear_Motion_Search_Module 00442160 f   mv-search.obj
 0001:00041220       _FullPelBlockMotionSearch  00442220 f   mv-search.obj
 0001:00041660       _FastFullPelBlockMotionSearch 00442660 f   mv-search.obj
 0001:000418b0       _SATD                      004428b0 f   mv-search.obj
 0001:00041ce0       _SubPelBlockMotionSearch   00442ce0 f   mv-search.obj
 0001:00042e90       _BlockMotionSearch         00443e90 f   mv-search.obj
 0001:000447e0       _BIDPartitionCost          004457e0 f   mv-search.obj
 0001:00044c30       _GetSkipCostMB             00445c30 f   mv-search.obj
 0001:00044d90       _FindSkipModeMotionVector  00445d90 f   mv-search.obj
 0001:00045190       _Get_Direct_Cost8x8        00446190 f   mv-search.obj
 0001:00045390       _Get_Direct_CostMB         00446390 f   mv-search.obj
 0001:00045410       _PartitionMotionSearch     00446410 f   mv-search.obj
 0001:00045850       _Get_Direct_Motion_Vectors 00446850 f   mv-search.obj
 0001:00047370       _sign                      00448370 f   mv-search.obj
 0001:000473c0       _SODBtoRBSP                004483c0 f   nal.obj
 0001:00047460       _RBSPtoEBSP                00448460 f   nal.obj
 0001:000475b0       _AllocNalPayloadBuffer     004485b0 f   nal.obj
 0001:00047630       _FreeNalPayloadBuffer      00448630 f   nal.obj
 0001:00047680       _RBSPtoNALU                00448680 f   nalu.obj
 0001:000477e0       _AllocNALU                 004487e0 f   nalucommon.obj
 0001:00047870       _FreeNALU                  00448870 f   nalucommon.obj
 0001:000478d0       _write_picture             004488d0 f   output.obj
 0001:00047a50       _init_out_buffer           00448a50 f   output.obj
 0001:00047a90       _uninit_out_buffer         00448a90 f   output.obj
 0001:00047ae0       _clear_picture             00448ae0 f   output.obj
 0001:00047bf0       _write_unpaired_field      00448bf0 f   output.obj
 0001:00047d40       _flush_direct_output       00448d40 f   output.obj
 0001:00047df0       _write_stored_frame        00448df0 f   output.obj
 0001:00047e60       _direct_output             00448e60 f   output.obj
 0001:00047fe0       _GenerateParameterSets     00448fe0 f   parset.obj
 0001:00048050       _FreeParameterSets         00449050 f   parset.obj
 0001:000480a0       _GenerateSeq_parameter_set_NALU 004490a0 f   parset.obj
 0001:00048140       _GeneratePic_parameter_set_NALU 00449140 f   parset.obj
 0001:000481e0       _FillParameterSetStructures 004491e0 f   parset.obj
 0001:000487f0       _GenerateSeq_parameter_set_rbsp 004497f0 f   parset.obj
 0001:00048d00       _GeneratePic_parameter_set_rbsp 00449d00 f   parset.obj
 0001:00049300       _AllocPPS                  0044a300 f   parsetcommon.obj
 0001:00049390       _AllocSPS                  0044a390 f   parsetcommon.obj
 0001:000493f0       _FreePPS                   0044a3f0 f   parsetcommon.obj
 0001:00049470       _FreeSPS                   0044a470 f   parsetcommon.obj
 0001:000494d0       _rc_init_seq               0044a4d0 f   ratectl.obj
 0001:00049980       _rc_init_GOP               0044a980 f   ratectl.obj
 0001:00049d30       _rc_init_pict              0044ad30 f   ratectl.obj
 0001:0004a8a0       _calc_MAD                  0044b8a0 f   ratectl.obj
 0001:0004a940       _rc_update_pict            0044b940 f   ratectl.obj
 0001:0004a9f0       _rc_update_pict_frame      0044b9f0 f   ratectl.obj
 0001:0004ac50       _setbitscount              0044bc50 f   ratectl.obj
 0001:0004ac80       _updateQuantizationParameter 0044bc80 f   ratectl.obj
 0001:0004c8b0       _updateRCModel             0044d8b0 f   ratectl.obj
 0001:0004cf90       _RCModelEstimator          0044df90 f   ratectl.obj
 0001:0004d2b0       _ComputeFrameMAD           0044e2b0 f   ratectl.obj
 0001:0004d330       _updateMADModel            0044e330 f   ratectl.obj
 0001:0004d7f0       _MADModelEstimator         0044e7f0 f   ratectl.obj
 0001:0004db00       _QP2Qstep                  0044eb00 f   ratectl.obj
 0001:0004db70       _Qstep2QP                  0044eb70 f   ratectl.obj
 0001:0004dd00       _clear_rdopt               0044ed00 f   rdopt.obj
 0001:0004ddd0       _init_rdopt                0044edd0 f   rdopt.obj
 0001:0004de90       _UpdatePixelMap            0044ee90 f   rdopt.obj
 0001:0004e0b0       _CheckReliabilityOfRef     0044f0b0 f   rdopt.obj
 0001:0004ecf0       _RDCost_for_4x4IntraBlocks 0044fcf0 f   rdopt.obj
 0001:0004efd0       _Mode_Decision_for_4x4IntraBlocks 0044ffd0 f   rdopt.obj
 0001:0004f9d0       _Mode_Decision_for_8x8IntraBlocks 004509d0 f   rdopt.obj
 0001:0004fa80       _Mode_Decision_for_Intra4x4Macroblock 00450a80 f   rdopt.obj
 0001:0004fb20       _RDCost_for_8x8blocks      00450b20 f   rdopt.obj
 0001:00050220       _I16Offset                 00451220 f   rdopt.obj
 0001:00050260       _SetModesAndRefframeForBlocks 00451260 f   rdopt.obj
 0001:00050c70       _Intra16x16_Mode_Decision  00451c70 f   rdopt.obj
 0001:00050cd0       _SetCoeffAndReconstruction8x8 00451cd0 f   rdopt.obj
 0001:00050f80       _SetMotionVectorsMB        00451f80 f   rdopt.obj
 0001:000516d0       _RDCost_for_macroblocks    004526d0 f   rdopt.obj
 0001:00051f10       _store_macroblock_parameters 00452f10 f   rdopt.obj
 0001:00052340       _set_stored_macroblock_parameters 00453340 f   rdopt.obj
 0001:00053350       _SetRefAndMotionVectors    00454350 f   rdopt.obj
 0001:00053d20       _field_flag_inference      00454d20 f   rdopt.obj
 0001:00053dd0       _encode_one_macroblock     00454dd0 f   rdopt.obj
 0001:00058600       _set_mbaff_parameters      00459600 f   rdopt.obj
 0001:00058ba0       _delete_coding_state       00459ba0 f   rdopt_coding_state.obj
 0001:00058c30       _create_coding_state       00459c30 f   rdopt_coding_state.obj
 0001:00058d60       _store_coding_state        00459d60 f   rdopt_coding_state.obj
 0001:00058fc0       _reset_coding_state        00459fc0 f   rdopt_coding_state.obj
 0001:00059220       _PutPel_14                 0045a220 f   refbuf.obj
 0001:00059260       _PutPel_11                 0045a260 f   refbuf.obj
 0001:000592a0       _FastLine16Y_11            0045a2a0 f   refbuf.obj
 0001:000592d0       _UMVLine16Y_11             0045a2d0 f   refbuf.obj
 0001:00059490       _FastLineX                 0045a490 f   refbuf.obj
 0001:000594c0       _UMVLineX                  0045a4c0 f   refbuf.obj
 0001:00059680       _UMVPelY_14                0045a680 f   refbuf.obj
 0001:000597f0       _FastPelY_14               0045a7f0 f   refbuf.obj
 0001:00059820       _ComposeRTPPacket          0045a820 f   rtp.obj
 0001:00059ab0       _WriteRTPPacket            0045aab0 f   rtp.obj
 0001:00059b90       _WriteRTPNALU              0045ab90 f   rtp.obj
 0001:00059df0       _RTPUpdateTimestamp        0045adf0 f   rtp.obj
 0001:00059e70       _OpenRTPFile               0045ae70 f   rtp.obj
 0001:00059ed0       _CloseRTPFile              0045aed0 f   rtp.obj
 0001:00059f10       _InitSEIMessages           0045af10 f   sei.obj
 0001:0005a000       _CloseSEIMessages          0045b000 f   sei.obj
 0001:0005a0b0       _HaveAggregationSEI        0045b0b0 f   sei.obj
 0001:0005a180       _write_sei_message         0045b180 f   sei.obj
 0001:0005a2d0       _finalize_sei_message      0045b2d0 f   sei.obj
 0001:0005a340       _clear_sei_message         0045b340 f   sei.obj
 0001:0005a3b0       _AppendTmpbits2Buf         0045b3b0 f   sei.obj
 0001:0005a580       _InitSparePicture          0045b580 f   sei.obj
 0001:0005a680       _CloseSparePicture         0045b680 f   sei.obj
 0001:0005a710       _CalculateSparePicture     0045b710 f   sei.obj
 0001:0005a730       _ComposeSparePictureMessage 0045b730 f   sei.obj
 0001:0005a7b0       _CompressSpareMBMap        0045b7b0 f   sei.obj
 0001:0005ac80       _FinalizeSpareMBMap        0045bc80 f   sei.obj
 0001:0005ae90       _InitSubseqInfo            0045be90 f   sei.obj
 0001:0005afb0       _UpdateSubseqInfo          0045bfb0 f   sei.obj
 0001:0005b100       _FinalizeSubseqInfo        0045c100 f   sei.obj
 0001:0005b260       _ClearSubseqInfoPayload    0045c260 f   sei.obj
 0001:0005b2f0       _CloseSubseqInfo           0045c2f0 f   sei.obj
 0001:0005b370       _InitSubseqLayerInfo       0045c370 f   sei.obj
 0001:0005b3f0       _CloseSubseqLayerInfo      0045c3f0 f   sei.obj
 0001:0005b410       _FinalizeSubseqLayerInfo   0045c410 f   sei.obj
 0001:0005b4b0       _InitSubseqChar            0045c4b0 f   sei.obj
 0001:0005b5a0       _ClearSubseqCharPayload    0045c5a0 f   sei.obj
 0001:0005b620       _UpdateSubseqChar          0045c620 f   sei.obj
 0001:0005b6d0       _FinalizeSubseqChar        0045c6d0 f   sei.obj
 0001:0005b900       _CloseSubseqChar           0045c900 f   sei.obj
 0001:0005b960       _InitSceneInformation      0045c960 f   sei.obj
 0001:0005ba20       _CloseSceneInformation     0045ca20 f   sei.obj
 0001:0005ba80       _FinalizeSceneInformation  0045ca80 f   sei.obj
 0001:0005bbb0       _UpdateSceneInformation    0045cbb0 f   sei.obj
 0001:0005bc70       _InitPanScanRectInfo       0045cc70 f   sei.obj
 0001:0005bd40       _ClearPanScanRectInfoPayload 0045cd40 f   sei.obj
 0001:0005bdc0       _UpdatePanScanRectInfo     0045cdc0 f   sei.obj
 0001:0005be20       _FinalizePanScanRectInfo   0045ce20 f   sei.obj
 0001:0005bf70       _ClosePanScanRectInfo      0045cf70 f   sei.obj
 0001:0005bfd0       _InitUser_data_unregistered 0045cfd0 f   sei.obj
 0001:0005c0b0       _ClearUser_data_unregistered 0045d0b0 f   sei.obj
 0001:0005c150       _UpdateUser_data_unregistered 0045d150 f   sei.obj
 0001:0005c200       _FinalizeUser_data_unregistered 0045d200 f   sei.obj
 0001:0005c320       _CloseUser_data_unregistered 0045d320 f   sei.obj
 0001:0005c3a0       _InitUser_data_registered_itu_t_t35 0045d3a0 f   sei.obj
 0001:0005c480       _ClearUser_data_registered_itu_t_t35 0045d480 f   sei.obj
 0001:0005c530       _UpdateUser_data_registered_itu_t_t35 0045d530 f   sei.obj
 0001:0005c610       _FinalizeUser_data_registered_itu_t_t35 0045d610 f   sei.obj
 0001:0005c770       _CloseUser_data_registered_itu_t_t35 0045d770 f   sei.obj
 0001:0005c7f0       _InitRandomAccess          0045d7f0 f   sei.obj
 0001:0005c8a0       _ClearRandomAccess         0045d8a0 f   sei.obj
 0001:0005c930       _UpdateRandomAccess        0045d930 f   sei.obj
 0001:0005c990       _FinalizeRandomAccess      0045d990 f   sei.obj
 0001:0005cac0       _CloseRandomAccess         0045dac0 f   sei.obj
 0001:0005cb20       _init_ref_pic_list_reordering 0045db20 f   slice.obj
 0001:0005cb70       _start_slice               0045db70 f   slice.obj
 0001:0005ccf0       _terminate_slice           0045dcf0 f   slice.obj
 0001:0005ce90       _encode_one_slice          0045de90 f   slice.obj
 0001:0005d900       _free_slice_list           0045e900 f   slice.obj
 0001:0005da60       _modify_redundant_pic_cnt  0045ea60 f   slice.obj
 0001:0005ddd0       _ue_v                      0045edd0 f   vlc.obj
 0001:0005de60       _se_v                      0045ee60 f   vlc.obj
 0001:0005def0       _u_1                       0045eef0 f   vlc.obj
 0001:0005df90       _u_v                       0045ef90 f   vlc.obj
 0001:0005e030       _ue_linfo                  0045f030 f   vlc.obj
 0001:0005e0d0       _se_linfo                  0045f0d0 f   vlc.obj
 0001:0005e190       _cbp_linfo_intra           0045f190 f   vlc.obj
 0001:0005e1e0       _cbp_linfo_inter           0045f1e0 f   vlc.obj
 0001:0005e230       _levrun_linfo_c2x2         0045f230 f   vlc.obj
 0001:0005e370       _levrun_linfo_inter        0045f370 f   vlc.obj
 0001:0005e570       _levrun_linfo_intra        0045f570 f   vlc.obj
 0001:0005e770       _symbol2uvlc               0045f770 f   vlc.obj
 0001:0005e7d0       _writeSyntaxElement_UVLC   0045f7d0 f   vlc.obj
 0001:0005e860       _writeSyntaxElement_fixed  0045f860 f   vlc.obj
 0001:0005e8c0       _writeSyntaxElement_Intra4x4PredictionMode 0045f8c0 f   vlc.obj
 0001:0005e960       _writeSyntaxElement2Buf_UVLC 0045f960 f   vlc.obj
 0001:0005e9e0       _writeUVLC2buffer          0045f9e0 f   vlc.obj
 0001:0005eac0       _writeSyntaxElement2Buf_Fixed 0045fac0 f   vlc.obj
 0001:0005eb00       _symbol2vlc                0045fb00 f   vlc.obj
 0001:0005eb70       _writeSyntaxElement_VLC    0045fb70 f   vlc.obj
 0001:0005ebe0       _writeSyntaxElement_NumCoeffTrailingOnes 0045fbe0 f   vlc.obj
 0001:0005fcb0       _writeSyntaxElement_NumCoeffTrailingOnesChromaDC 00460cb0 f   vlc.obj
 0001:0005fea0       _writeSyntaxElement_TotalZeros 00460ea0 f   vlc.obj
 0001:00060bc0       _writeSyntaxElement_TotalZerosChromaDC 00461bc0 f   vlc.obj
 0001:00060d20       _writeSyntaxElement_Run    00461d20 f   vlc.obj
 0001:00061210       _writeSyntaxElement_Level_VLC1 00462210 f   vlc.obj
 0001:000612f0       _writeSyntaxElement_Level_VLCN 004622f0 f   vlc.obj
 0001:00061400       _writeVlcByteAlign         00462400 f   vlc.obj
 0001:000614c0       _estimate_weighting_factor_P_slice 004624c0 f   weighted_prediction.obj
 0001:00061d10       _estimate_weighting_factor_B_slice 00462d10 f   weighted_prediction.obj
 0001:00062e70       _fflush                    00463e70 f   LIBCD:fflush.obj
 0001:00062ed0       __flush                    00463ed0 f   LIBCD:fflush.obj
 0001:00062f90       __flushall                 00463f90 f   LIBCD:fflush.obj
 0001:00063080       __cinit                    00464080 f   LIBCD:crt0dat.obj
 0001:000630c0       _exit                      004640c0 f   LIBCD:crt0dat.obj
 0001:000630e0       __exit                     004640e0 f   LIBCD:crt0dat.obj
 0001:00063100       __cexit                    00464100 f   LIBCD:crt0dat.obj
 0001:00063120       __c_exit                   00464120 f   LIBCD:crt0dat.obj
 0001:00063250       _printf                    00464250 f   LIBCD:printf.obj
 0001:000632d0       _fwrite                    004642d0 f   LIBCD:fwrite.obj
 0001:000634f0       __flsbuf                   004644f0 f   LIBCD:_flsbuf.obj
 0001:00063770       __assert                   00464770 f   LIBCD:assert.obj
 0001:00063af0       __chkesp                   00464af0 f   LIBCD:chkesp.obj
 0001:00063b30       __fsopen                   00464b30 f   LIBCD:fopen.obj
 0001:00063c20       _fopen                     00464c20 f   LIBCD:fopen.obj
 0001:00063c40       _fclose                    00464c40 f   LIBCD:fclose.obj
 0001:00063d20       _malloc                    00464d20 f   LIBCD:dbgheap.obj
 0001:00063d50       __malloc_dbg               00464d50 f   LIBCD:dbgheap.obj
 0001:00063d80       __nh_malloc                00464d80 f   LIBCD:dbgheap.obj
 0001:00063da0       __nh_malloc_dbg            00464da0 f   LIBCD:dbgheap.obj
 0001:00063df0       __heap_alloc               00464df0 f   LIBCD:dbgheap.obj
 0001:00063e10       __heap_alloc_dbg           00464e10 f   LIBCD:dbgheap.obj
 0001:00064130       _calloc                    00465130 f   LIBCD:dbgheap.obj
 0001:00064160       __calloc_dbg               00465160 f   LIBCD:dbgheap.obj
 0001:000641c0       _realloc                   004651c0 f   LIBCD:dbgheap.obj
 0001:000641f0       __realloc_dbg              004651f0 f   LIBCD:dbgheap.obj
 0001:00064740       __expand                   00465740 f   LIBCD:dbgheap.obj
 0001:00064770       __expand_dbg               00465770 f   LIBCD:dbgheap.obj
 0001:000647a0       _free                      004657a0 f   LIBCD:dbgheap.obj
 0001:000647c0       __free_dbg                 004657c0 f   LIBCD:dbgheap.obj
 0001:00064bb0       __msize                    00465bb0 f   LIBCD:dbgheap.obj
 0001:00064bd0       __msize_dbg                00465bd0 f   LIBCD:dbgheap.obj
 0001:00064d20       __CrtSetBreakAlloc         00465d20 f   LIBCD:dbgheap.obj
 0001:00064d40       __CrtSetDbgBlockType       00465d40 f   LIBCD:dbgheap.obj
 0001:00064dd0       __CrtSetAllocHook          00465dd0 f   LIBCD:dbgheap.obj
 0001:00064e80       __CrtCheckMemory           00465e80 f   LIBCD:dbgheap.obj
 0001:000651e0       __CrtSetDbgFlag            004661e0 f   LIBCD:dbgheap.obj
 0001:00065210       __CrtDoForAllClientObjects 00466210 f   LIBCD:dbgheap.obj
 0001:00065270       __CrtIsValidPointer        00466270 f   LIBCD:dbgheap.obj
 0001:000652c0       __CrtIsValidHeapPointer    004662c0 f   LIBCD:dbgheap.obj
 0001:000653f0       __CrtIsMemoryBlock         004663f0 f   LIBCD:dbgheap.obj
 0001:000654d0       __CrtSetDumpClient         004664d0 f   LIBCD:dbgheap.obj
 0001:000654f0       __CrtMemCheckpoint         004664f0 f   LIBCD:dbgheap.obj
 0001:00065650       __CrtMemDifference         00466650 f   LIBCD:dbgheap.obj
 0001:00065780       __CrtMemDumpAllObjectsSince 00466780 f   LIBCD:dbgheap.obj
 0001:00065b50       __CrtDumpMemoryLeaks       00466b50 f   LIBCD:dbgheap.obj
 0001:00065bd0       __CrtMemDumpStatistics     00466bd0 f   LIBCD:dbgheap.obj
 0001:00065ca0       __snprintf                 00466ca0 f   LIBCD:snprintf.obj
 0001:00065da0       _abs                       00466da0 f   LIBCD:abs.obj
 0001:00065dd0       __CIpow                    00466dd0 f   LIBCD:pow.obj
 0001:00065de9       _pow                       00466de9 f   LIBCD:pow.obj
 0001:00065ff0       __fpmath                   00466ff0 f   LIBCD:fpinit.obj
 0001:00066020       __fpclear                  00467020 f   LIBCD:fpinit.obj
 0001:00066030       __cfltcvt_init             00467030 f   LIBCD:fpinit.obj
 0001:00066080       ___setfflag                00467080 f   LIBCD:fpinit.obj
 0001:000660a0       _fprintf                   004670a0 f   LIBCD:fprintf.obj
 0001:00066150       ___initstdio               00467150 f   LIBCD:_file.obj
 0001:00066280       ___endstdio                00467280 f   LIBCD:_file.obj
 0001:000662a0       _strlen                    004672a0 f   LIBCD:strlen.obj
 0001:00066320       _strncmp                   00467320 f   LIBCD:strncmp.obj
 0001:00066360       _memset                    00467360 f   LIBCD:memset.obj
 0001:000663c0       _fread                     004673c0 f   LIBCD:fread.obj
 0001:00066590       _ftell                     00467590 f   LIBCD:ftell.obj
 0001:00066820       _fseek                     00467820 f   LIBCD:fseek.obj
 0001:00066950       _memcpy                    00467950 f   LIBCD:memcpy.obj
 0001:00066c90       _strcpy                    00467c90 f   LIBCD:strcat.obj
 0001:00066ca0       _strcat                    00467ca0 f   LIBCD:strcat.obj
 0001:00066d80       _sscanf                    00467d80 f   LIBCD:sscanf.obj
 0001:00066e40       _strcmp                    00467e40 f   LIBCD:strcmp.obj
 0001:00066ed0       __chkstk                   00467ed0 f   LIBCD:chkstk.obj
 0001:00066ed0       __alloca_probe             00467ed0 f   LIBCD:chkstk.obj
 0001:00066f00       _fscanf                    00467f00 f   LIBCD:fscanf.obj
 0001:00066f90       __CIlog10                  00467f90 f   LIBCD:log10.obj
 0001:00066fa4       _log10                     00467fa4 f   LIBCD:log10.obj
 0001:00067060       _srand                     00468060 f   LIBCD:rand.obj
 0001:00067070       _rand                      00468070 f   LIBCD:rand.obj
 0001:00067098       __ftol                     00468098 f   LIBCD:ftol.obj
 0001:000670c0       _ceil                      004680c0 f   LIBCD:ceil.obj
 0001:00067200       __CIlog                    00468200 f   LIBCD:log.obj
 0001:00067214       _log                       00468214 f   LIBCD:log.obj
 0001:000672d0       _time                      004682d0 f   LIBCD:time.obj
 0001:00067460       __ftime                    00468460 f   LIBCD:ftime.obj
 0001:00067570       _fputc                     00468570 f   LIBCD:fputc.obj
 0001:00067610       _putc                      00468610 f   LIBCD:fputc.obj
 0001:00067630       __strtime                  00468630 f   LIBCD:strtime.obj
 0001:00067700       __strdate                  00468700 f   LIBCD:strdate.obj
 0001:000677d0       _sprintf                   004687d0 f   LIBCD:sprintf.obj
 0001:000678d0       _qsort                     004688d0 f   LIBCD:qsort.obj
 0001:00067bd0       __allmul                   00468bd0 f   LIBCD:llmul.obj
 0001:00067c10       __alldiv                   00468c10 f   LIBCD:lldiv.obj
 0001:00067cc0       _floor                     00468cc0 f   LIBCD:floor.obj
 0001:00067e00       __CIsqrt                   00468e00 f   LIBCD:sqrt.obj
 0001:00067e14       _sqrt                      00468e14 f   LIBCD:sqrt.obj
 0001:00067ec0       _fabs                      00468ec0 f   LIBCD:fabs.obj
 0001:00067fc0       _mainCRTStartup            00468fc0 f   LIBCD:crt0.obj
 0001:000680f0       __amsg_exit                004690f0 f   LIBCD:crt0.obj
 0001:00068150       __commit                   00469150 f   LIBCD:commit.obj
 0001:00068200       __write                    00469200 f   LIBCD:write.obj
 0001:000684b0       __stbuf                    004694b0 f   LIBCD:_sftbuf.obj
 0001:00068610       __ftbuf                    00469610 f   LIBCD:_sftbuf.obj
 0001:000686d0       __output                   004696d0 f   LIBCD:output.obj
 0001:00069600       __CrtDbgBreak              0046a600 f   LIBCD:dbgrpt.obj
 0001:00069610       __CrtSetReportMode         0046a610 f   LIBCD:dbgrpt.obj
 0001:00069670       __CrtSetReportFile         0046a670 f   LIBCD:dbgrpt.obj
 0001:000696f0       __CrtSetReportHook         0046a6f0 f   LIBCD:dbgrpt.obj
 0001:00069710       __CrtDbgReport             0046a710 f   LIBCD:dbgrpt.obj
 0001:00069db0       __lseek                    0046adb0 f   LIBCD:lseek.obj
 0001:00069ea0       __ioinit                   0046aea0 f   LIBCD:ioinit.obj
 0001:0006a1b0       __ioterm                   0046b1b0 f   LIBCD:ioinit.obj
 0001:0006a210       __getbuf                   0046b210 f   LIBCD:_getbuf.obj
 0001:0006a2e0       __isatty                   0046b2e0 f   LIBCD:isatty.obj
 0001:0006a310       _abort                     0046b310 f   LIBCD:abort.obj
 0001:0006a330       _signal                    0046b330 f   LIBCD:winsig.obj
 0001:0006a540       _raise                     0046b540 f   LIBCD:winsig.obj
 0001:0006a760       ___crtMessageBoxA          0046b760 f   LIBCD:crtmbox.obj
 0001:0006a820       __itoa                     0046b820 f   LIBCD:xtoa.obj
 0001:0006a940       __ltoa                     0046b940 f   LIBCD:xtoa.obj
 0001:0006a980       __ultoa                    0046b980 f   LIBCD:xtoa.obj
 0001:0006a9a0       __i64toa                   0046b9a0 f   LIBCD:xtoa.obj
 0001:0006aaf0       __ui64toa                  0046baf0 f   LIBCD:xtoa.obj
 0001:0006ab10       _strncat                   0046bb10 f   LIBCD:strncat.obj
 0001:0006ac40       _strncpy                   0046bc40 f   LIBCD:strncpy.obj
 0001:0006ad40       _setvbuf                   0046bd40 f   LIBCD:setvbuf.obj
 0001:0006aea0       __openfile                 0046bea0 f   LIBCD:_open.obj
 0001:0006b230       __getstream                0046c230 f   LIBCD:stream.obj
 0001:0006b320       __close                    0046c320 f   LIBCD:close.obj
 0001:0006b410       __freebuf                  0046c410 f   LIBCD:_freebuf.obj
 0001:0006b4b0       ?_set_new_handler@@YAP6AHI@ZP6AHI@Z@Z 0046c4b0 f   LIBCD:handler.obj
 0001:0006b4d0       ?_query_new_handler@@YAP6AHI@ZXZ 0046c4d0 f   LIBCD:handler.obj
 0001:0006b4e0       __callnewh                 0046c4e0 f   LIBCD:handler.obj
 0001:0006b510       __malloc_base              0046c510 f   LIBCD:malloc.obj
 0001:0006b530       __nh_malloc_base           0046c530 f   LIBCD:malloc.obj
 0001:0006b590       __heap_alloc_base          0046c590 f   LIBCD:malloc.obj
 0001:0006b660       __CrtDefaultAllocHook      0046c660 f   LIBCD:dbghook.obj
 0001:0006b670       __expand_base              0046c670 f   LIBCD:expand.obj
 0001:0006b7f0       __realloc_base             0046c7f0 f   LIBCD:realloc.obj
 0001:0006bc10       __free_base                0046cc10 f   LIBCD:free.obj
 0001:0006bce0       __heapchk                  0046cce0 f   LIBCD:heapchk.obj
 0001:0006bd70       __heapset                  0046cd70 f   LIBCD:heapchk.obj
 0001:0006bd80       __get_sbh_threshold        0046cd80 f   LIBCD:sbheap.obj
 0001:0006bdb0       __set_sbh_threshold        0046cdb0 f   LIBCD:sbheap.obj
 0001:0006bec0       ___sbh_heap_init           0046cec0 f   LIBCD:sbheap.obj
 0001:0006bf30       ___sbh_find_block          0046cf30 f   LIBCD:sbheap.obj
 0001:0006bf90       ___sbh_verify_block        0046cf90 f   LIBCD:sbheap.obj
 0001:0006bff0       ___sbh_free_block          0046cff0 f   LIBCD:sbheap.obj
 0001:0006c5d0       ___sbh_alloc_block         0046d5d0 f   LIBCD:sbheap.obj
 0001:0006cb10       ___sbh_alloc_new_region    0046db10 f   LIBCD:sbheap.obj
 0001:0006cc20       ___sbh_alloc_new_group     0046dc20 f   LIBCD:sbheap.obj
 0001:0006ce10       ___sbh_resize_block        0046de10 f   LIBCD:sbheap.obj
 0001:0006d400       ___sbh_heapmin             0046e400 f   LIBCD:sbheap.obj
 0001:0006d530       ___sbh_heap_check          0046e530 f   LIBCD:sbheap.obj
 0001:0006db50       __get_old_sbh_threshold    0046eb50 f   LIBCD:sbheap.obj
 0001:0006db60       __set_old_sbh_threshold    0046eb60 f   LIBCD:sbheap.obj
 0001:0006db90       ___old_sbh_new_region      0046eb90 f   LIBCD:sbheap.obj
 0001:0006dd70       ___old_sbh_release_region  0046ed70 f   LIBCD:sbheap.obj
 0001:0006ddf0       ___old_sbh_decommit_pages  0046edf0 f   LIBCD:sbheap.obj
 0001:0006df50       ___old_sbh_find_block      0046ef50 f   LIBCD:sbheap.obj
 0001:0006dfe0       ___old_sbh_free_block      0046efe0 f   LIBCD:sbheap.obj
 0001:0006e050       ___old_sbh_alloc_block     0046f050 f   LIBCD:sbheap.obj
 0001:0006e410       ___old_sbh_alloc_block_from_page 0046f410 f   LIBCD:sbheap.obj
 0001:0006e6c0       ___old_sbh_resize_block    0046f6c0 f   LIBCD:sbheap.obj
 0001:0006e830       ___old_sbh_heap_check      0046f830 f   LIBCD:sbheap.obj
 0001:0006ea70       __GetLinkerVersion         0046fa70 f   LIBCD:heapinit.obj
 0001:0006ead0       ___heap_select             0046fad0 f   LIBCD:heapinit.obj
 0001:0006ed00       __heap_init                0046fd00 f   LIBCD:heapinit.obj
 0001:0006ed90       __heap_term                0046fd90 f   LIBCD:heapinit.obj
 0001:0006ee80       __isctype                  0046fe80 f   LIBCD:isctype.obj
 0001:0006ef51       __fFEXP                    0046ff51 f   LIBCD:87tran.obj
 0001:0006efb8       __rtinfpopse               0046ffb8 f   LIBCD:87tran.obj
 0001:0006efba       __rtinfnpopse              0046ffba f   LIBCD:87tran.obj
 0001:0006efca       __fFLN                     0046ffca f   LIBCD:87tran.obj
 0001:0006f07f       __rtinfpop                 0047007f f   LIBCD:87tran.obj
 0001:0006f081       __rtinfnpop                00470081 f   LIBCD:87tran.obj
 0001:0006f09e       __ffexpm1                  0047009e f   LIBCD:87tran.obj
 0001:0006f150       __trandisp1                00470150 f   LIBCD:87disp.obj
 0001:0006f1b7       __trandisp2                004701b7 f   LIBCD:87disp.obj
 0001:0006f243       __rttospopde               00470243 f   LIBCD:87disp.obj
 0001:0006f248       __rttospop                 00470248 f   LIBCD:87disp.obj
 0001:0006f24a       __rtnospop                 0047024a f   LIBCD:87disp.obj
 0001:0006f24c       __rttosnpop                0047024c f   LIBCD:87disp.obj
 0001:0006f24d       __rtnospopde               0047024d f   LIBCD:87disp.obj
 0001:0006f254       __rtzeropop                00470254 f   LIBCD:87disp.obj
 0001:0006f256       __rtzeronpop               00470256 f   LIBCD:87disp.obj
 0001:0006f25b       __rtonepop                 0047025b f   LIBCD:87disp.obj
 0001:0006f25d       __rtonenpop                0047025d f   LIBCD:87disp.obj
 0001:0006f262       __tosnan1                  00470262 f   LIBCD:87disp.obj
 0001:0006f28d       __nosnan2                  0047028d f   LIBCD:87disp.obj
 0001:0006f28f       __tosnan2                  0047028f f   LIBCD:87disp.obj
 0001:0006f2b7       __nan2                     004702b7 f   LIBCD:87disp.obj
 0001:0006f2f6       __rtindfpop                004702f6 f   LIBCD:87disp.obj
 0001:0006f2f8       __rtindfnpop               004702f8 f   LIBCD:87disp.obj
 0001:0006f309       __rttosnpopde              00470309 f   LIBCD:87disp.obj
 0001:0006f313       __rtchsifneg               00470313 f   LIBCD:87disp.obj
 0001:0006f320       __startTwoArgErrorHandling 00470320 f   LIBCD:genexcep.obj
 0001:0006f337       __startOneArgErrorHandling 00470337 f   LIBCD:genexcep.obj
 0001:0006f380       __twoToTOS                 00470380 f   LIBCD:common.obj
 0001:0006f395       __load_CW                  00470395 f   LIBCD:common.obj
 0001:0006f3ac       __convertTOStoQNaN         004703ac f   LIBCD:common.obj
 0001:0006f3c5       __fload_withFB             004703c5 f   LIBCD:common.obj
 0001:0006f408       __checkTOS_withFB          00470408 f   LIBCD:common.obj
 0001:0006f41e       __fast_exit                0047041e f   LIBCD:common.obj
 0001:0006f42b       __math_exit                0047042b f   LIBCD:common.obj
 0001:0006f455       __check_overflow_exit      00470455 f   LIBCD:common.obj
 0001:0006f469       __check_range_exit         00470469 f   LIBCD:common.obj
 0001:0006f510       __powhlp                   00470510 f   LIBCD:powhlp.obj
 0001:0006f780       __d_inttype                00470780 f   LIBCD:powhlp.obj
 0001:0006f800       __setdefaultprecision      00470800 f   LIBCD:fp8.obj
 0001:0006f820       __ms_p5_test_fdiv          00470820 f   LIBCD:testfdiv.obj
 0001:0006f880       __ms_p5_mp_test_fdiv       00470880 f   LIBCD:testfdiv.obj
 0001:0006f8d0       __forcdecpt                004708d0 f   LIBCD:cvt.obj
 0001:0006f980       __cropzeros                00470980 f   LIBCD:cvt.obj
 0001:0006fa60       __positive                 00470a60 f   LIBCD:cvt.obj
 0001:0006fa90       __fassign                  00470a90 f   LIBCD:cvt.obj
 0001:0006fae0       __cftoe                    00470ae0 f   LIBCD:cvt.obj
 0001:0006fca0       __cftof                    00470ca0 f   LIBCD:cvt.obj
 0001:0006fe30       __cftog                    00470e30 f   LIBCD:cvt.obj
 0001:0006ffa0       __cfltcvt                  00470fa0 f   LIBCD:cvt.obj
 0001:00070030       __fcloseall                00471030 f   LIBCD:closeall.obj
 0001:000700e0       __filbuf                   004710e0 f   LIBCD:_filbuf.obj
 0001:000702c0       __read                     004712c0 f   LIBCD:read.obj
 0001:00070720       __input                    00471720 f   LIBCD:input.obj
 0001:00071c20       __frnd                     00472c20 f   LIBCD:frnd.obj
 0001:00071c40       __handle_qnan1             00472c40 f   LIBCD:fpexcept.obj
 0001:00071ca0       __handle_qnan2             00472ca0 f   LIBCD:fpexcept.obj
 0001:00071d10       __except1                  00472d10 f   LIBCD:fpexcept.obj
 0001:00071dd0       __except2                  00472dd0 f   LIBCD:fpexcept.obj
 0001:00071ea0       __raise_exc                00472ea0 f   LIBCD:fpexcept.obj
 0001:00072370       __handle_exc               00473370 f   LIBCD:fpexcept.obj
 0001:000726f0       __umatherr                 004736f0 f   LIBCD:fpexcept.obj
 0001:00072790       __set_errno                00473790 f   LIBCD:fpexcept.obj
 0001:00072810       __errcode                  00473810 f   LIBCD:fpexcept.obj
 0001:00072890       __set_exp                  00473890 f   LIBCD:util.obj
 0001:000728d0       __get_exp                  004738d0 f   LIBCD:util.obj
 0001:00072900       __add_exp                  00473900 f   LIBCD:util.obj
 0001:00072940       __set_bexp                 00473940 f   LIBCD:util.obj
 0001:00072980       __sptype                   00473980 f   LIBCD:util.obj
 0001:00072a00       __decomp                   00473a00 f   LIBCD:util.obj
 0001:00072b40       __statfp                   00473b40 f   LIBCD:fpctrl.obj
 0001:00072b60       __clrfp                    00473b60 f   LIBCD:fpctrl.obj
 0001:00072b80       __ctrlfp                   00473b80 f   LIBCD:fpctrl.obj
 0001:00072bc0       __set_statfp               00473bc0 f   LIBCD:fpctrl.obj
 0001:00072c40       ___loctotime_t             00473c40 f   LIBCD:dtoxtime.obj
 0001:00072d30       ___tzset                   00473d30 f   LIBCD:tzset.obj
 0001:00072d60       __tzset                    00473d60 f   LIBCD:tzset.obj
 0001:000730e0       __isindst                  004740e0 f   LIBCD:tzset.obj
 0001:000735e0       __aullrem                  004745e0 f   LIBCD:ullrem.obj
 0001:00073660       __aulldiv                  00474660 f   LIBCD:ulldiv.obj
 0001:000736d0       __XcptFilter               004746d0 f   LIBCD:winxfltr.obj
 0001:000738e0       __setenvp                  004748e0 f   LIBCD:stdenvp.obj
 0001:00073a30       __setargv                  00474a30 f   LIBCD:stdargv.obj
 0001:00073f40       ___crtGetEnvironmentStringsA 00474f40 f   LIBCD:a_env.obj
 0001:0007415c       __global_unwind2           0047515c f   LIBCD:exsup.obj
 0001:0007419e       __local_unwind2            0047519e f   LIBCD:exsup.obj
 0001:000741f6       __NLG_Return2              004751f6 f   LIBCD:exsup.obj
 0001:00074206       __abnormal_termination     00475206 f   LIBCD:exsup.obj
 0001:00074229       __NLG_Notify1              00475229 f   LIBCD:exsup.obj
 0001:00074232       __NLG_Notify               00475232 f   LIBCD:exsup.obj
 0001:00074245       __NLG_Dispatch             00475245 f   LIBCD:exsup.obj
 0001:00074254       __except_handler3          00475254 f   LIBCD:exsup3.obj
 0001:00074311       __seh_longjmp_unwind@4     00475311 f   LIBCD:exsup3.obj
 0001:00074330       __FF_MSGBANNER             00475330 f   LIBCD:crt0msg.obj
 0001:00074380       __NMSG_WRITE               00475380 f   LIBCD:crt0msg.obj
 0001:00074540       __GET_RTERRMSG             00475540 f   LIBCD:crt0msg.obj
 0001:00074590       __alloc_osfhnd             00475590 f   LIBCD:osfinfo.obj
 0001:000746c0       __set_osfhnd               004756c0 f   LIBCD:osfinfo.obj
 0001:00074770       __free_osfhnd              00475770 f   LIBCD:osfinfo.obj
 0001:00074840       __get_osfhandle            00475840 f   LIBCD:osfinfo.obj
 0001:000748a0       __open_osfhandle           004758a0 f   LIBCD:osfinfo.obj
 0001:00074990       __dosmaperr                00475990 f   LIBCD:dosmap.obj
 0001:00074a20       _wctomb                    00475a20 f   LIBCD:wctomb.obj
 0001:00074ac0       __vsnprintf                00475ac0 f   LIBCD:vsnprint.obj
 0001:00074bc0       __open                     00475bc0 f   LIBCD:open.obj
 0001:00074c00       __sopen                    00475c00 f   LIBCD:open.obj
 0001:000750f0       _memmove                   004760f0 f   LIBCD:memmove.obj
 0001:00075430       _strtol                    00476430 f   LIBCD:strtol.obj
 0001:00075780       _strtoul                   00476780 f   LIBCD:strtol.obj
 0001:000757b0       _strchr                    004767b0 f   LIBCD:strchr.obj
 0001:000757b6       ___from_strstr_to_strchr   004767b6 f   LIBCD:strchr.obj
 0001:00075870       _strstr                    00476870 f   LIBCD:strstr.obj
 0001:000758f0       ___crtGetStringTypeA       004768f0 f   LIBCD:a_str.obj
 0001:00075ab0       _fdiv_main_routine         00476ab0 f   LIBCD:adj_fdiv.obj
 0001:00075bc7       __adj_fdiv_r               00476bc7 f   LIBCD:adj_fdiv.obj
 0001:00076066       __fdivp_sti_st             00477066 f   LIBCD:adj_fdiv.obj
 0001:00076079       __fdivrp_sti_st            00477079 f   LIBCD:adj_fdiv.obj
 0001:0007608c       __adj_fdiv_m32             0047708c f   LIBCD:adj_fdiv.obj
 0001:000760d8       __adj_fdiv_m64             004770d8 f   LIBCD:adj_fdiv.obj
 0001:00076124       __adj_fdiv_m16i            00477124 f   LIBCD:adj_fdiv.obj
 0001:00076158       __adj_fdiv_m32i            00477158 f   LIBCD:adj_fdiv.obj
 0001:0007618c       __adj_fdivr_m32            0047718c f   LIBCD:adj_fdiv.obj
 0001:000761d8       __adj_fdivr_m64            004771d8 f   LIBCD:adj_fdiv.obj
 0001:00076224       __adj_fdivr_m16i           00477224 f   LIBCD:adj_fdiv.obj
 0001:00076258       __adj_fdivr_m32i           00477258 f   LIBCD:adj_fdiv.obj
 0001:0007628c       __safe_fdiv                0047728c f   LIBCD:adj_fdiv.obj
 0001:000762a1       __safe_fdivr               004772a1 f   LIBCD:adj_fdiv.obj
 0001:000762b6       __fprem_common             004772b6 f   LIBCD:adj_fdiv.obj
 0001:000764bc       __adj_fprem                004774bc f   LIBCD:adj_fdiv.obj
 0001:0007656e       __fprem1_common            0047756e f   LIBCD:adj_fdiv.obj
 0001:00076774       __adj_fprem1               00477774 f   LIBCD:adj_fdiv.obj
 0001:00076829       __safe_fprem               00477829 f   LIBCD:adj_fdiv.obj
 0001:0007682f       __safe_fprem1              0047782f f   LIBCD:adj_fdiv.obj
 0001:00076835       __adj_fpatan               00477835 f   LIBCD:adj_fdiv.obj
 0001:00076838       __adj_fptan                00477838 f   LIBCD:adj_fdiv.obj
 0001:00076840       __87except                 00477840 f   LIBCD:87except.obj
 0001:000769c0       __copysign                 004779c0 f   LIBCD:ieeemisc.obj
 0001:000769f0       __chgsign                  004779f0 f   LIBCD:ieeemisc.obj
 0001:00076a20       __scalb                    00477a20 f   LIBCD:ieeemisc.obj
 0001:00076a40       __logb                     00477a40 f   LIBCD:ieeemisc.obj
 0001:00076b70       __nextafter                00477b70 f   LIBCD:ieeemisc.obj
 0001:00076eb0       __finite                   00477eb0 f   LIBCD:ieeemisc.obj
 0001:00076ee0       __isnan                    00477ee0 f   LIBCD:ieeemisc.obj
 0001:00076f30       __fpclass                  00477f30 f   LIBCD:ieeemisc.obj
 0001:00077010       __statusfp                 00478010 f   LIBCD:ieee87.obj
 0001:00077030       __clearfp                  00478030 f   LIBCD:ieee87.obj
 0001:00077050       __control87                00478050 f   LIBCD:ieee87.obj
 0001:000770a0       __controlfp                004780a0 f   LIBCD:ieee87.obj
 0001:000770c0       __fpreset                  004780c0 f   LIBCD:ieee87.obj
 0001:000774b0       __tolower                  004784b0 f   LIBCD:tolower.obj
 0001:000774c0       _tolower                   004784c0 f   LIBCD:tolower.obj
 0001:000775f0       __ZeroTail                 004785f0 f   LIBCD:intrncvt.obj
 0001:00077680       __IncMan                   00478680 f   LIBCD:intrncvt.obj
 0001:00077730       __RoundMan                 00478730 f   LIBCD:intrncvt.obj
 0001:00077810       __CopyMan                  00478810 f   LIBCD:intrncvt.obj
 0001:00077860       __FillZeroMan              00478860 f   LIBCD:intrncvt.obj
 0001:00077890       __IsZeroMan                00478890 f   LIBCD:intrncvt.obj
 0001:000778d0       __ShrMan                   004788d0 f   LIBCD:intrncvt.obj
 0001:000779c0       __ld12cvt                  004789c0 f   LIBCD:intrncvt.obj
 0001:00077c10       __ld12tod                  00478c10 f   LIBCD:intrncvt.obj
 0001:00077c30       __ld12tof                  00478c30 f   LIBCD:intrncvt.obj
 0001:00077c50       __ld12told                 00478c50 f   LIBCD:intrncvt.obj
 0001:00077d10       __atodbl                   00478d10 f   LIBCD:intrncvt.obj
 0001:00077d50       __atoldbl                  00478d50 f   LIBCD:intrncvt.obj
 0001:00077d90       __atoflt                   00478d90 f   LIBCD:intrncvt.obj
 0001:00077dd0       __fptostr                  00478dd0 f   LIBCD:_fptostr.obj
 0001:00077ed0       __fltout                   00478ed0 f   LIBCD:cfout.obj
 0001:00077f50       ___dtold                   00478f50 f   LIBCD:cfout.obj
 0001:000780c0       __fptrap                   004790c0 f   LIBCD:crt0fp.obj
 0001:000780d0       _mbtowc                    004790d0 f   LIBCD:mbtowc.obj
 0001:00078230       _isalpha                   00479230 f   LIBCD:_ctype.obj
 0001:00078280       _isupper                   00479280 f   LIBCD:_ctype.obj
 0001:000782c0       _islower                   004792c0 f   LIBCD:_ctype.obj
 0001:00078300       _isdigit                   00479300 f   LIBCD:_ctype.obj
 0001:00078340       _isxdigit                  00479340 f   LIBCD:_ctype.obj
 0001:00078390       _isspace                   00479390 f   LIBCD:_ctype.obj
 0001:000783d0       _ispunct                   004793d0 f   LIBCD:_ctype.obj
 0001:00078410       _isalnum                   00479410 f   LIBCD:_ctype.obj
 0001:00078460       _isprint                   00479460 f   LIBCD:_ctype.obj
 0001:000784b0       _isgraph                   004794b0 f   LIBCD:_ctype.obj
 0001:00078500       _iscntrl                   00479500 f   LIBCD:_ctype.obj
 0001:00078540       ___isascii                 00479540 f   LIBCD:_ctype.obj
 0001:00078550       ___toascii                 00479550 f   LIBCD:_ctype.obj
 0001:00078560       ___iscsymf                 00479560 f   LIBCD:_ctype.obj
 0001:000785c0       ___iscsym                  004795c0 f   LIBCD:_ctype.obj
 0001:00078620       __allshl                   00479620 f   LIBCD:llshl.obj
 0001:00078640       _ungetc                    00479640 f   LIBCD:ungetc.obj
 0001:00078780       __matherr                  00479780 f   LIBCD:matherr.obj
 0001:00078790       _atol                      00479790 f   LIBCD:atox.obj
 0001:00078890       _atoi                      00479890 f   LIBCD:atox.obj
 0001:000788b0       __atoi64                   004798b0 f   LIBCD:atox.obj
 0001:000789e0       _getenv                    004799e0 f   LIBCD:getenv.obj
 0001:00078ab0       __setmbcp                  00479ab0 f   LIBCD:mbctype.obj
 0001:00079220       __getmbcp                  0047a220 f   LIBCD:mbctype.obj
 0001:00079240       ___initmbctable            0047a240 f   LIBCD:mbctype.obj
 0001:00079270       __chsize                   0047a270 f   LIBCD:chsize.obj
 0001:000794e0       __toupper                  0047a4e0 f   LIBCD:toupper.obj
 0001:000794f0       _toupper                   0047a4f0 f   LIBCD:toupper.obj
 0001:00079620       _ldexp                     0047a620 f   LIBCD:ldexp.obj
 0001:000798e0       ___crtLCMapStringA         0047a8e0 f   LIBCD:a_map.obj
 0001:00079c40       ___addl                    0047ac40 f   LIBCD:mantold.obj
 0001:00079c80       ___add_12                  0047ac80 f   LIBCD:mantold.obj
 0001:00079d30       ___shl_12                  0047ad30 f   LIBCD:mantold.obj
 0001:00079d90       ___shr_12                  0047ad90 f   LIBCD:mantold.obj
 0001:00079e00       ___mtold12                 0047ae00 f   LIBCD:mantold.obj
 0001:00079f40       ___strgtold12              0047af40 f   LIBCD:strgtold.obj
 0001:0007aa70       ___STRINGTOLD              0047ba70 f   LIBCD:strgtold.obj
 0001:0007aac0       _$I10_OUTPUT               0047bac0 f   LIBCD:x10fout.obj
 0001:0007afe0       __mbsnbicoll               0047bfe0 f   LIBCD:mbsnbico.obj
 0001:0007b030       ___wtomb_environ           0047c030 f   LIBCD:wtombenv.obj
 0001:0007b0e0       __setmode                  0047c0e0 f   LIBCD:setmode.obj
 0001:0007b1e0       ___ld12mul                 0047c1e0 f   LIBCD:tenpow.obj
 0001:0007b620       ___multtenpow12            0047c620 f   LIBCD:tenpow.obj
 0001:0007b6f0       ___crtCompareStringA       0047c6f0 f   LIBCD:a_cmp.obj
 0001:0007bb40       ___crtsetenv               0047cb40 f   LIBCD:setenv.obj
 0001:0007bf90       __mbschr                   0047cf90 f   LIBCD:mbschr.obj
 0001:0007c056       _ExitProcess@4             0047d056 f   kernel32:KERNEL32.dll
 0001:0007c05c       _TerminateProcess@8        0047d05c f   kernel32:KERNEL32.dll
 0001:0007c062       _GetCurrentProcess@0       0047d062 f   kernel32:KERNEL32.dll
 0001:0007c068       _GetModuleFileNameA@12     0047d068 f   kernel32:KERNEL32.dll
 0001:0007c06e       _IsBadWritePtr@8           0047d06e f   kernel32:KERNEL32.dll
 0001:0007c074       _IsBadReadPtr@8            0047d074 f   kernel32:KERNEL32.dll
 0001:0007c07a       _HeapValidate@12           0047d07a f   kernel32:KERNEL32.dll
 0001:0007c080       _GetTimeZoneInformation@4  0047d080 f   kernel32:KERNEL32.dll
 0001:0007c086       _GetSystemTime@4           0047d086 f   kernel32:KERNEL32.dll
 0001:0007c08c       _GetLocalTime@4            0047d08c f   kernel32:KERNEL32.dll
 0001:0007c092       _GetSystemTimeAsFileTime@4 0047d092 f   kernel32:KERNEL32.dll
 0001:0007c098       _GetCommandLineA@0         0047d098 f   kernel32:KERNEL32.dll
 0001:0007c09e       _GetVersion@0              0047d09e f   kernel32:KERNEL32.dll
 0001:0007c0a4       _GetLastError@0            0047d0a4 f   kernel32:KERNEL32.dll
 0001:0007c0aa       _FlushFileBuffers@4        0047d0aa f   kernel32:KERNEL32.dll
 0001:0007c0b0       _WriteFile@20              0047d0b0 f   kernel32:KERNEL32.dll
 0001:0007c0b6       _DebugBreak@0              0047d0b6 f   kernel32:KERNEL32.dll
 0001:0007c0bc       _GetStdHandle@4            0047d0bc f   kernel32:KERNEL32.dll
 0001:0007c0c2       _InterlockedDecrement@4    0047d0c2 f   kernel32:KERNEL32.dll
 0001:0007c0c8       _OutputDebugStringA@4      0047d0c8 f   kernel32:KERNEL32.dll
 0001:0007c0ce       _GetProcAddress@8          0047d0ce f   kernel32:KERNEL32.dll
 0001:0007c0d4       _LoadLibraryA@4            0047d0d4 f   kernel32:KERNEL32.dll
 0001:0007c0da       _InterlockedIncrement@4    0047d0da f   kernel32:KERNEL32.dll
 0001:0007c0e0       _SetFilePointer@16         0047d0e0 f   kernel32:KERNEL32.dll
 0001:0007c0e6       _SetHandleCount@4          0047d0e6 f   kernel32:KERNEL32.dll
 0001:0007c0ec       _GetFileType@4             0047d0ec f   kernel32:KERNEL32.dll
 0001:0007c0f2       _GetStartupInfoA@4         0047d0f2 f   kernel32:KERNEL32.dll
 0001:0007c0f8       _SetConsoleCtrlHandler@8   0047d0f8 f   kernel32:KERNEL32.dll
 0001:0007c0fe       _CloseHandle@4             0047d0fe f   kernel32:KERNEL32.dll
 0001:0007c104       _HeapAlloc@12              0047d104 f   kernel32:KERNEL32.dll
 0001:0007c10a       _HeapReAlloc@16            0047d10a f   kernel32:KERNEL32.dll
 0001:0007c110       _HeapFree@12               0047d110 f   kernel32:KERNEL32.dll
 0001:0007c116       _VirtualFree@12            0047d116 f   kernel32:KERNEL32.dll
 0001:0007c11c       _VirtualAlloc@16           0047d11c f   kernel32:KERNEL32.dll
 0001:0007c122       _GetModuleHandleA@4        0047d122 f   kernel32:KERNEL32.dll
 0001:0007c128       _GetEnvironmentVariableA@12 0047d128 f   kernel32:KERNEL32.dll
 0001:0007c12e       _GetVersionExA@4           0047d12e f   kernel32:KERNEL32.dll
 0001:0007c134       _HeapDestroy@4             0047d134 f   kernel32:KERNEL32.dll
 0001:0007c13a       _HeapCreate@12             0047d13a f   kernel32:KERNEL32.dll
 0001:0007c140       _ReadFile@20               0047d140 f   kernel32:KERNEL32.dll
 0001:0007c146       _RaiseException@16         0047d146 f   kernel32:KERNEL32.dll
 0001:0007c14c       _WideCharToMultiByte@32    0047d14c f   kernel32:KERNEL32.dll
 0001:0007c152       _UnhandledExceptionFilter@4 0047d152 f   kernel32:KERNEL32.dll
 0001:0007c158       _FreeEnvironmentStringsA@4 0047d158 f   kernel32:KERNEL32.dll
 0001:0007c15e       _FreeEnvironmentStringsW@4 0047d15e f   kernel32:KERNEL32.dll
 0001:0007c164       _GetEnvironmentStrings@0   0047d164 f   kernel32:KERNEL32.dll
 0001:0007c16a       _GetEnvironmentStringsW@0  0047d16a f   kernel32:KERNEL32.dll
 0001:0007c170       _RtlUnwind@16              0047d170 f   kernel32:KERNEL32.dll
 0001:0007c176       _SetStdHandle@8            0047d176 f   kernel32:KERNEL32.dll
 0001:0007c17c       _CreateFileA@28            0047d17c f   kernel32:KERNEL32.dll
 0001:0007c182       _MultiByteToWideChar@24    0047d182 f   kernel32:KERNEL32.dll
 0001:0007c188       _GetStringTypeA@20         0047d188 f   kernel32:KERNEL32.dll
 0001:0007c18e       _GetStringTypeW@16         0047d18e f   kernel32:KERNEL32.dll
 0001:0007c194       _GetCPInfo@8               0047d194 f   kernel32:KERNEL32.dll
 0001:0007c19a       _GetACP@0                  0047d19a f   kernel32:KERNEL32.dll
 0001:0007c1a0       _GetOEMCP@0                0047d1a0 f   kernel32:KERNEL32.dll
 0001:0007c1a6       _SetEndOfFile@4            0047d1a6 f   kernel32:KERNEL32.dll
 0001:0007c1ac       _LCMapStringA@24           0047d1ac f   kernel32:KERNEL32.dll
 0001:0007c1b2       _LCMapStringW@24           0047d1b2 f   kernel32:KERNEL32.dll
 0001:0007c1b8       _CompareStringA@24         0047d1b8 f   kernel32:KERNEL32.dll
 0001:0007c1be       _CompareStringW@24         0047d1be f   kernel32:KERNEL32.dll
 0001:0007c1c4       _SetEnvironmentVariableA@8 0047d1c4 f   kernel32:KERNEL32.dll
 0002:0000001c       ??_C@_0DL@CHMC@Fatal?3?5cannot?5write?5?$CFd?5bytes?5to?5@ 0047e01c     annexb.obj
 0002:00000058       ??_C@_0DL@GKAF@n?9?$DOstartcodeprefix_len?5?$DN?$DN?53?5?$HM?$HM?5n@ 0047e058     annexb.obj
 0002:00000094       ??_C@_09CKMK@f?5?$CB?$DN?5NULL?$AA@ 0047e094     annexb.obj
 0002:000000a0       ??_C@_0BG@FMF@n?9?$DOforbidden_bit?5?$DN?$DN?50?$AA@ 0047e0a0     annexb.obj
 0002:000000b8       ??_C@_09DIIL@n?5?$CB?$DN?5NULL?$AA@ 0047e0b8     annexb.obj
 0002:000000c4       ??_C@_0FB@PIA@d?3?2documents?2visual?5studio?52010?2@ 0047e0c4     annexb.obj
 0002:00000118       ??_C@_0DM@JJNP@Fatal?3?5cannot?5open?5Annex?5B?5bytes@ 0047e118     annexb.obj
 0002:00000154       ??_C@_02NGAF@wb?$AA@       0047e154     annexb.obj
 0002:00000158       ??_C@_0DI@OEKJ@Fatal?3?5cannot?5close?5Annex?5B?5byte@ 0047e158     annexb.obj
 0002:00000190       _rLPS_table_64x4           0047e190     biariencode.obj
 0002:00000290       _AC_next_state_MPS_64      0047e290     biariencode.obj
 0002:00000310       _AC_next_state_LPS_64      0047e310     biariencode.obj
 0002:00000390       ??_C@_0CJ@NMAN@arienco_create_encoding_environm@ 0047e390     biariencode.obj
 0002:000003bc       ??_C@_0CB@MEMM@Error?5freeing?5eep?5?$CINULL?5pointer?$CJ@ 0047e3bc     biariencode.obj
 0002:000003e0       _QP_SCALE_CR               0047e3e0     block.obj
 0002:00000414       _SNGL_SCAN                 0047e414     block.obj
 0002:00000434       _FIELD_SCAN                0047e434     block.obj
 0002:00000454       _COEFF_COST                0047e454     block.obj
 0002:00000464       _COEFF_BIT_COST            0047e464     block.obj
 0002:00000aa8       __real@8@40018000000000000000 0047eaa8     block.obj
 0002:00000ab0       __real@8@3ffed999999999999800 0047eab0     block.obj
 0002:00000ab8       __real@8@4000c000000000000000 0047eab8     block.obj
 0002:00001120       ??_C@_0CF@EOAB@create_contexts_MotionInfo?3?5enco@ 0047f120     cabac.obj
 0002:00001148       ??_C@_0CG@OJGF@create_contexts_TextureInfo?3?5enc@ 0047f148     cabac.obj
 0002:00001170       ??_C@_0DA@GMA@Unsupported?5MB?9MODE?5in?5writeMB_t@ 0047f170     cabac.obj
 0002:000011a0       ??_C@_0P@LMPF@ChromaQPOffset?$AA@ 0047f1a0     configfile.obj
 0002:000011b0       ??_C@_06MPBF@UseFME?$AA@   0047f1b0     configfile.obj
 0002:000011b8       ??_C@_0M@CJIE@ChannelType?$AA@ 0047f1b8     configfile.obj
 0002:000011c4       ??_C@_09JGMB@BasicUnit?$AA@ 0047f1c4     configfile.obj
 0002:000011d0       ??_C@_09PCGP@InitialQP?$AA@ 0047f1d0     configfile.obj
 0002:000011dc       ??_C@_07FPOF@Bitrate?$AA@  0047f1dc     configfile.obj
 0002:000011e4       ??_C@_0BC@PGEA@RateControlEnable?$AA@ 0047f1e4     configfile.obj
 0002:000011f8       ??_C@_0BB@FPCC@FixedModelNumber?$AA@ 0047f1f8     configfile.obj
 0002:0000120c       ??_C@_0BC@HNFO@ContextInitMethod?$AA@ 0047f20c     configfile.obj
 0002:00001220       ??_C@_0BA@BMPJ@PicOrderCntType?$AA@ 0047f220     configfile.obj
 0002:00001230       ??_C@_0BC@NPHE@UseRedundantSlice?$AA@ 0047f230     configfile.obj
 0002:00001244       ??_C@_0BJ@OOIN@SliceGroupConfigFileName?$AA@ 0047f244     configfile.obj
 0002:00001260       ??_C@_0BP@DMII@slice_group_change_rate_minus1?$AA@ 0047f260     configfile.obj
 0002:00001280       ??_C@_0CC@BPPB@slice_group_change_direction_fla@ 0047f280     configfile.obj
 0002:000012a4       ??_C@_0BF@JCDN@slice_group_map_type?$AA@ 0047f2a4     configfile.obj
 0002:000012bc       ??_C@_0BI@PIGK@num_slice_groups_minus1?$AA@ 0047f2bc     configfile.obj
 0002:000012d4       ??_C@_0BK@BGDF@SparePicturePercentageThr?$AA@ 0047f2d4     configfile.obj
 0002:000012f0       ??_C@_0BJ@MMCC@SparePictureDetectionThr?$AA@ 0047f2f0     configfile.obj
 0002:0000130c       ??_C@_0BD@HMBG@SparePictureOption?$AA@ 0047f30c     configfile.obj
 0002:00001320       ??_C@_0BF@MAED@LoopFilterBetaOffset?$AA@ 0047f320     configfile.obj
 0002:00001338       ??_C@_0BI@PDFE@LoopFilterAlphaC0Offset?$AA@ 0047f338     configfile.obj
 0002:00001350       ??_C@_0BC@BMHD@LoopFilterDisable?$AA@ 0047f350     configfile.obj
 0002:00001364       ??_C@_0BJ@KJHH@LoopFilterParametersFlag?$AA@ 0047f364     configfile.obj
 0002:00001380       ??_C@_0BA@MHKC@StoredBPictures?$AA@ 0047f380     configfile.obj
 0002:00001390       ??_C@_0BF@OJFM@WeightedBiprediction?$AA@ 0047f390     configfile.obj
 0002:000013a8       ??_C@_0BD@FAHK@WeightedPrediction?$AA@ 0047f3a8     configfile.obj
 0002:000013bc       ??_C@_0BF@JIMN@RandomIntraMBRefresh?$AA@ 0047f3bc     configfile.obj
 0002:000013d4       ??_C@_0BK@BNHM@NumberOfFrameInSecondIGOP?$AA@ 0047f3d4     configfile.obj
 0002:000013f0       ??_C@_0CK@JKHH@NumberFramesInEnhancementLayerSu@ 0047f3f0     configfile.obj
 0002:0000141c       ??_C@_0M@EPEA@IntraBottom?$AA@ 0047f41c     configfile.obj
 0002:00001428       ??_C@_0M@OAO@MbInterlace?$AA@ 0047f428     configfile.obj
 0002:00001434       ??_C@_0N@NOAA@PicInterlace?$AA@ 0047f434     configfile.obj
 0002:00001444       ??_C@_0BF@HIDE@LeakyBucketParamFile?$AA@ 0047f444     configfile.obj
 0002:0000145c       ??_C@_0BE@IDDA@LeakyBucketRateFile?$AA@ 0047f45c     configfile.obj
 0002:00001470       ??_C@_0BF@JGPP@NumberofLeakyBuckets?$AA@ 0047f470     configfile.obj
 0002:00001488       ??_C@_0BC@NMFL@RestrictRefFrames?$AA@ 0047f488     configfile.obj
 0002:0000149c       ??_C@_0BB@EBEI@NumberOfDecoders?$AA@ 0047f49c     configfile.obj
 0002:000014b0       ??_C@_09LMGI@LossRateC?$AA@ 0047f4b0     configfile.obj
 0002:000014bc       ??_C@_09BGPP@LossRateB?$AA@ 0047f4bc     configfile.obj
 0002:000014c8       ??_C@_09OJEG@LossRateA?$AA@ 0047f4c8     configfile.obj
 0002:000014d4       ??_C@_0P@KKMN@RDOptimization?$AA@ 0047f4d4     configfile.obj
 0002:000014e4       ??_C@_0O@GALO@ChangeQPStart?$AA@ 0047f4e4     configfile.obj
 0002:000014f4       ??_C@_09CLLI@ChangeQPB?$AA@ 0047f4f4     configfile.obj
 0002:00001500       ??_C@_09NHOG@ChangeQPP?$AA@ 0047f500     configfile.obj
 0002:0000150c       ??_C@_09IALJ@ChangeQPI?$AA@ 0047f50c     configfile.obj
 0002:00001518       ??_C@_0BA@HGMP@LastFrameNumber?$AA@ 0047f518     configfile.obj
 0002:00001528       ??_C@_0BE@OCHA@RestrictSearchRange?$AA@ 0047f528     configfile.obj
 0002:0000153c       ??_C@_0P@NKCH@InterSearch4x4?$AA@ 0047f53c     configfile.obj
 0002:0000154c       ??_C@_0P@CEMD@InterSearch4x8?$AA@ 0047f54c     configfile.obj
 0002:0000155c       ??_C@_0P@CMI@InterSearch8x4?$AA@ 0047f55c     configfile.obj
 0002:0000156c       ??_C@_0P@PMCM@InterSearch8x8?$AA@ 0047f56c     configfile.obj
 0002:0000157c       ??_C@_0BA@HMOA@InterSearch8x16?$AA@ 0047f57c     configfile.obj
 0002:0000158c       ??_C@_0BA@CINL@InterSearch16x8?$AA@ 0047f58c     configfile.obj
 0002:0000159c       ??_C@_0BB@KCDE@InterSearch16x16?$AA@ 0047f59c     configfile.obj
 0002:000015b0       ??_C@_0BE@KCMC@PictureTypeSequence?$AA@ 0047f5b0     configfile.obj
 0002:000015c4       ??_C@_0O@IJBD@PartitionMode?$AA@ 0047f5c4     configfile.obj
 0002:000015d4       ??_C@_0M@LJMP@OutFileMode?$AA@ 0047f5d4     configfile.obj
 0002:000015e0       ??_C@_0L@FOCK@SymbolMode?$AA@ 0047f5e0     configfile.obj
 0002:000015ec       ??_C@_0N@LHOK@QPSP2Picture?$AA@ 0047f5ec     configfile.obj
 0002:000015fc       ??_C@_0M@NMDA@QPSPPicture?$AA@ 0047f5fc     configfile.obj
 0002:00001608       ??_C@_0BF@NAOC@SPPicturePeriodicity?$AA@ 0047f608     configfile.obj
 0002:00001620       ??_C@_0BE@HEKD@DirectInferenceFlag?$AA@ 0047f620     configfile.obj
 0002:00001634       ??_C@_0P@DKCN@DirectModeType?$AA@ 0047f634     configfile.obj
 0002:00001644       ??_C@_0L@OGBN@QPBPicture?$AA@ 0047f644     configfile.obj
 0002:00001650       ??_C@_0O@KPDJ@NumberBFrames?$AA@ 0047f650     configfile.obj
 0002:00001660       ??_C@_09FMNH@TraceFile?$AA@ 0047f660     configfile.obj
 0002:0000166c       ??_C@_09OMKI@ReconFile?$AA@ 0047f66c     configfile.obj
 0002:00001678       ??_C@_0L@EMP@OutputFile?$AA@ 0047f678     configfile.obj
 0002:00001684       ??_C@_0BC@GBMB@InputHeaderLength?$AA@ 0047f684     configfile.obj
 0002:00001698       ??_C@_09CG@InputFile?$AA@  0047f698     configfile.obj
 0002:000016a4       ??_C@_0BI@INBP@UseConstrainedIntraPred?$AA@ 0047f6a4     configfile.obj
 0002:000016bc       ??_C@_0O@OGC@SliceArgument?$AA@ 0047f6bc     configfile.obj
 0002:000016cc       ??_C@_09ILN@SliceMode?$AA@ 0047f6cc     configfile.obj
 0002:000016d8       ??_C@_0BC@MKPG@MbLineIntraUpdate?$AA@ 0047f6d8     configfile.obj
 0002:000016ec       ??_C@_0N@HFCM@SourceHeight?$AA@ 0047f6ec     configfile.obj
 0002:000016fc       ??_C@_0M@CHMF@SourceWidth?$AA@ 0047f6fc     configfile.obj
 0002:00001708       ??_C@_0BB@GAPJ@BList1References?$AA@ 0047f708     configfile.obj
 0002:0000171c       ??_C@_0BB@IKHG@BList0References?$AA@ 0047f71c     configfile.obj
 0002:00001730       ??_C@_0BB@NFNJ@PList0References?$AA@ 0047f730     configfile.obj
 0002:00001744       ??_C@_0BG@EKCP@NumberReferenceFrames?$AA@ 0047f744     configfile.obj
 0002:0000175c       ??_C@_0M@DOEN@SearchRange?$AA@ 0047f75c     configfile.obj
 0002:00001768       ??_C@_0M@JPPO@UseHadamard?$AA@ 0047f768     configfile.obj
 0002:00001774       ??_C@_09IIKJ@FrameSkip?$AA@ 0047f774     configfile.obj
 0002:00001780       ??_C@_0BB@DAJC@QPRemainingFrame?$AA@ 0047f780     configfile.obj
 0002:00001794       ??_C@_0N@PEGJ@QPFirstFrame?$AA@ 0047f794     configfile.obj
 0002:000017a4       ??_C@_0BC@POLE@FramesToBeEncoded?$AA@ 0047f7a4     configfile.obj
 0002:000017b8       ??_C@_0M@PFDC@IntraPeriod?$AA@ 0047f7b8     configfile.obj
 0002:000017c4       ??_C@_0L@PDMP@StartFrame?$AA@ 0047f7c4     configfile.obj
 0002:000017d0       ??_C@_0P@JHPG@IDRIntraEnable?$AA@ 0047f7d0     configfile.obj
 0002:000017e0       ??_C@_09KDCF@FrameRate?$AA@ 0047f7e0     configfile.obj
 0002:000017ec       ??_C@_08PDJF@LevelIDC?$AA@ 0047f7ec     configfile.obj
 0002:000017f8       ??_C@_0L@JLIO@ProfileIDC?$AA@ 0047f7f8     configfile.obj
 0002:00001804       ??_C@_0DMK@NIKN@?6?5?5?5lencod?5?$FL?9h?$FN?5?$FL?9p?5defenc?4cfg?$FN?5@ 0047f804     configfile.obj
 0002:00001bd0       ??_C@_0EP@LDKL@Error?5in?5command?5line?0?5ac?5?$CFd?0?5ar@ 0047fbd0     configfile.obj
 0002:00001c20       ??_C@_0CB@PKKJ@Parsing?5command?5line?5string?5?8?$CFs?8@ 0047fc20     configfile.obj
 0002:00001c44       ??_C@_0BD@NOMJ@Configure?3?5content?$AA@ 0047fc44     configfile.obj
 0002:00001c58       ??_C@_02HCFG@?9p?$AA@      0047fc58     configfile.obj
 0002:00001c5c       ??_C@_02CEFE@?9f?$AA@      0047fc5c     configfile.obj
 0002:00001c60       ??_C@_01BJG@?6?$AA@        0047fc60     configfile.obj
 0002:00001c64       ??_C@_0BG@OPG@Parsing?5Configfile?5?$CFs?$AA@ 0047fc64     configfile.obj
 0002:00001c7c       ??_C@_02HBHK@?9d?$AA@      0047fc7c     configfile.obj
 0002:00001c80       ??_C@_02IPJO@?9h?$AA@      0047fc80     configfile.obj
 0002:00001c84       ??_C@_0O@GFIH@myencoder?4cfg?$AA@ 0047fc84     configfile.obj
 0002:00001c94       ??_C@_0BK@EAGM@GetConfigFileContent?3?5buf?$AA@ 0047fc94     configfile.obj
 0002:00001cb0       ??_C@_0EI@IDOH@Unreasonable?5Filesize?5?$CFld?5report@ 0047fcb0     configfile.obj
 0002:00001cf8       ??_C@_0CI@MKMC@Cannot?5fseek?5in?5configuration?5fi@ 0047fcf8     configfile.obj
 0002:00001d20       ??_C@_0CE@KCAO@Cannot?5open?5configuration?5file?5?$CF@ 0047fd20     configfile.obj
 0002:00001d44       ??_C@_01LHO@r?$AA@         0047fd44     configfile.obj
 0002:00001d48       ??_C@_0DL@PCLH@?$CCUnknown?5value?5type?5in?5the?5map?5d@ 0047fd48     configfile.obj
 0002:00001d84       ??_C@_0FF@NEBP@d?3?2documents?2visual?5studio?52010?2@ 0047fd84     configfile.obj
 0002:00001ddc       ??_C@_0DJ@IAFG@Unknown?5value?5type?5in?5the?5map?5de@ 0047fddc     configfile.obj
 0002:00001e18       ??_C@_03MAMC@?$CFlf?$AA@   0047fe18     configfile.obj
 0002:00001e1c       ??_C@_01PJCK@?4?$AA@       0047fe1c     configfile.obj
 0002:00001e20       ??_C@_0EK@CIGP@?5Parsing?5error?3?5Expected?5numeric@ 0047fe20     configfile.obj
 0002:00001e6c       ??_C@_02MECO@?$CFd?$AA@    0047fe6c     configfile.obj
 0002:00001e70       ??_C@_0EO@ELOP@?5Parsing?5error?5in?5config?5file?3?5?8@ 0047fe70     configfile.obj
 0002:00001ec0       ??_C@_01KPOD@?$DN?$AA@     0047fec0     configfile.obj
 0002:00001ec4       ??_C@_0ED@KPCM@?5Parsing?5error?5in?5config?5file?3?5P@ 0047fec4     configfile.obj
 0002:00001f08       ??_C@_0CN@GKMI@temporal?5direct?5needs?5at?5least?52@ 0047ff08     configfile.obj
 0002:00001f38       ??_C@_0FL@OKDF@Stored?5B?5pictures?5combined?5with?5@ 0047ff38     configfile.obj
[...]
 0001:00066b90       LeadDown3                  00467b90 f   LIBCD:memcpy.obj
 0001:00066be4       UnwindDown7                00467be4 f   LIBCD:memcpy.obj
 0001:00066bec       UnwindDown6                00467bec f   LIBCD:memcpy.obj
 0001:00066bf4       UnwindDown5                00467bf4 f   LIBCD:memcpy.obj
 0001:00066bfc       UnwindDown4                00467bfc f   LIBCD:memcpy.obj
 0001:00066c04       UnwindDown3                00467c04 f   LIBCD:memcpy.obj
 0001:00066c0c       UnwindDown2                00467c0c f   LIBCD:memcpy.obj
 0001:00066c14       UnwindDown1                00467c14 f   LIBCD:memcpy.obj
 0001:00066c27       UnwindDown0                00467c27 f   LIBCD:memcpy.obj
 0001:00066c40       TrailDown0                 00467c40 f   LIBCD:memcpy.obj
 0001:00066c48       TrailDown1                 00467c48 f   LIBCD:memcpy.obj
 0001:00066c58       TrailDown2                 00467c58 f   LIBCD:memcpy.obj
 0001:00066c6c       TrailDown3                 00467c6c f   LIBCD:memcpy.obj
 0001:00066970       CopyUp                     00467970 f   LIBCD:memcpy.obj
 0001:0006698c       CopyLeadUp                 0046798c f   LIBCD:memcpy.obj
 0001:000669a4       ByteCopyUp                 004679a4 f   LIBCD:memcpy.obj
 0001:000669ac       CopyUnwindUp               004679ac f   LIBCD:memcpy.obj
 0001:00066ae8       CopyDown                   00467ae8 f   LIBCD:memcpy.obj
 0001:00066b10       CopyUnwindDown             00467b10 f   LIBCD:memcpy.obj
 0001:00066b1c       CopyLeadDown               00467b1c f   LIBCD:memcpy.obj
 0001:00066b34       ByteCopyDown               00467b34 f   LIBCD:memcpy.obj
 0001:00066383       adjust_loop                00467383 f   LIBCD:memset.obj
 0001:00066389       dwords                     00467389 f   LIBCD:memset.obj
 0001:000663a3       main_loop_tail             004673a3 f   LIBCD:memset.obj
 0001:000663a7       tail                       004673a7 f   LIBCD:memset.obj
 0001:000663ad       finish                     004673ad f   LIBCD:memset.obj
 0001:000663b3       toend                      004673b3 f   LIBCD:memset.obj
 0001:0006633a       okay                       0046733a f   LIBCD:strncmp.obj
 0001:0006634d       firstbig                   0046734d f   LIBCD:strncmp.obj
 0001:0006634f       lastbig                    0046734f f   LIBCD:strncmp.obj
 0001:00066351       toend                      00467351 f   LIBCD:strncmp.obj
 0001:000662ac       str_misaligned             004672ac f   LIBCD:strlen.obj
 0001:000662c0       main_loop                  004672c0 f   LIBCD:strlen.obj
 0001:000662f3       byte_3                     004672f3 f   LIBCD:strlen.obj
 0001:000662fd       byte_2                     004672fd f   LIBCD:strlen.obj
 0001:00066307       byte_1                     00467307 f   LIBCD:strlen.obj
 0001:00066311       byte_0                     00467311 f   LIBCD:strlen.obj
 0001:00064220       _realloc_help              00465220 f   LIBCD:dbgheap.obj
 0001:00064df0       _CheckBytes                00465df0 f   LIBCD:dbgheap.obj
 0001:00065a30       __printMemBlockData        00466a30 f   LIBCD:dbgheap.obj
 0001:00063140       _doexit                    00464140 f   LIBCD:crt0dat.obj
 0001:00063220       __initterm                 00464220 f   LIBCD:crt0dat.obj
 0001:00062fa0       _flsall                    00463fa0 f   LIBCD:fflush.obj

FIXUPS: 64013 41 a73 1c fffffa2d 108 10 3e 54 4b 28 fffffc42 5a 4f 79 fffffde5
FIXUPS: 6428f 18 14 fffffde2 12 1d 20 1e 20 8d 12 13 19 fffffc87 e 28 76
FIXUPS: 63f96 85f 16 14 2c 1b 17 27 16 16 14 c 1d 16 15 16 14 11 14 16
FIXUPS: 649b1 f e 1e 20 16 15 16 14 16 14 19 19 1e4f 3a 31 18 45 18 1f
FIXUPS: 66a97 69 2a 34 39 16 7c 2a 28 ffffe011 27 f f 27 fffffe58 2e 2a
FIXUPS: 64bd6 14 22 22 fffffee4 fffffc9f 1e d 1510 60 5a ac 4e 51 2b 28
FIXUPS: 65f6c 28 ac 2b 32 2b 39 20 49 33 142 23 1c 59 84 58 bf fd 76 11e
FIXUPS: 66844 20 31 28 ffffed04 59 5f 54 86 38 1f 2a 1c 50 1d 1f 62 34
FIXUPS: 6594d 2b 3b 45 2b c 41 6b 56 36 c 2b 1c 2c 1c 18 1f 62 fffff11a
FIXUPS: 64dd5 29 2f 1c 69 28 5f 54 21 128 1e 1b 34 3e 52 38 3c 21 1b 1c
FIXUPS: 6530a 28 32 4f 18 1f 5b 66 25 25 b3 1cec fffffe32 2a 1e 17 13 fffffebf
FIXUPS: 66ffc a fffffde8 14 1b 25 14 10 d 10 b 3d 3b 14 60 7 14 7 fffffd30
FIXUPS: 66cf6 44 4b ffffdfb0 36 27 3413 20 25 fffffdad 12 3a 10 29 2a 10
FIXUPS: 67f26 2a 20 fffffe3c 2a 33 1a fffffa1e 66 1b 6c fffffc82 3e 146
FIXUPS: 677a4 fffffcbb 7a 6a fffffc4e 35 18 a6 1b66 fffffb52 2a 8e 19 15a
FIXUPS: 687fc 2a 45 4b fffffcda 5f 2d fffffe4e 32 92 e 26 fffffed0 fffffdd5
FIXUPS: 68219 3a 10 29 2a 10 fffffe0c 2e 28 1e 2c 12 efc 25 f 17 10 22
FIXUPS: 69106 27 9 fffffd9b 2b 28 16 1d 29 25 fffffe62 12 18 16 10 1c 31
FIXUPS: 68eb4 fffffe1e 2e 28 1e 2c 12 21 20 1179 1e 2a 1b 131 25 123 1e
FIXUPS: 6a268 75 32 22 26 14 170 55 53 ffffef4d 21 7e c8 33 49 fffffbe1
FIXUPS: 69442 fffffd6f fffffe8e e f 10 a 5 19b3 34 47 1e d 2f 15 11 1d
FIXUPS: 6ab67 14 26 19d 18 19 19 a ffffea3b 34 24 cb 67 133 18 21 34 30
FIXUPS: 69bcf e2 d5 ce b9 1a64 21 4b 5d 17 b5 fffff92e 182 35 fffffd2b
FIXUPS: 6b320 a ffffff04 37 fffffc53 13 dd 23f fffffc1a 59 fffff8bf 10b
FIXUPS: 6a84e 18 38 16 2b 14 2e 18 18 7a 2167 14 3f 6b fffffaa5 2f 80 36
FIXUPS: 6c51f 2a 29 3b 51 fffffe2f 3a ffffff09 1b c 10 29 2a fffffea5 fffffc37
FIXUPS: 6bf00 2a 227 fffffc16 50 c 5a fffffa21 18 1ed6 de0 7e5 236 11a
FIXUPS: 6f0df a3 102 119 ffffd958 1b 64 fffffebb 19 38 1d fffffb6a 17 31
FIXUPS: 6c87f 18 3f c 13 70 10 5c 62 37 1b 40 14 3cb6 1d 27 fffffc77 5e
FIXUPS: 704af fffffead fffffc24 12 1d 5 55 3c 7 2f b2 15 fffffdd7 fffffbc0
FIXUPS: 6fb8f 7f 24 62 38 61 18 28 ffffd0c6 23 3c 6ef 192 3a6f 2a fffffee2
FIXUPS: 710b9 fffff825 28 19f 20 57 14 32 64 140 2a 34 35 6b 12 29 43 5a
FIXUPS: 70f19 33 3c 38 1c 1a 18 17 fffff895 ffffff54 fffffeb9 1b86 5a 46
FIXUPS: 7231c c1 24 e5 39 76 4a 3d 76 6c 62 20 77 27 70 46 31 35 44 35
FIXUPS: 729cf 147 8a 32 24 f ffffe835 2a3 fffffa23 264b 10 16 c ffffdfc9
FIXUPS: 71773 47 4a 9 19 a4 1aa 1d 118 1de 32 97 1f 58 a8 28 33 43 64 46
FIXUPS: 720f8 12 2f 4d 23 10 70 20ab fffff9f7 45 fffffc1a 1c3 17 fffff167
FIXUPS: 72c88 53 1d 2b 2c c 3a e 11 2f 44 c 3e e 11 182 1d8 1ac 2b 33 1b6
FIXUPS: 7369e 27 36 44 1301 56 1e 13 22 fffffe07 36 28 1f 29 26 17 12 1c
FIXUPS: 746db fffff66b 4b 15d 19 18 c 25 15 3b 5b 52 6c c7 53 66 53 25
FIXUPS: 76052 fffffa94 2a 44 4b fffffaa5 2bf 2d 2f fffff9f5 1c 77 3a 59
FIXUPS: 7548f 17 1d 14 13 14 1a 19 fffffd7e d 11 2f 25 fffffe4f fffffec4
FIXUPS: 7507e 94 2b 2ca2 2b 37 1d 2b 13 b7 fffff97e 72 13 24 17 fffff076
FIXUPS: 76a24 fffffebb fffffb63 48 141 52 35 140 fffff462 2a0 5a 34 37
FIXUPS: 75fb9 21 20 1d 11 15 2b51 93 20 68 82 10 30 10 30 10 fffff74a a7
FIXUPS: 78021 21 21 24 2a 23 fffff95c 21 2b 28 1e 2c 38 16 22 23 ac 4e
FIXUPS: 77c9e 125 1511 40 43 4d 40 43 50 50 4d 65 60 fffffb20 ffffffcd
FIXUPS: 78edf 29 ffffffa0 17 fffff815 41 8c 14 26f 19 1c 13 2a 3a 10 13
FIXUPS: 78b09 26 1e 18a5 5f 1d c 47 fffff5fa 23 5 111 43 107 4a 12 5 25e
FIXUPS: 7a032 35 1e8 fffff7bf 29 19 2c fffffd2e 85 69 33 8c 34 fffffcd3
FIXUPS: 796bd fffffb8a 4d 1bd4 10 c 27 6c fffffa5e 98 f6 fffffb2e 2b 28
FIXUPS: 7a6b0 3a 26 1c 5e 25 28 31 43 28 31 16 14 fffffc67 a7 fffffc9d
FIXUPS: 7a2ec 1c 1f 49 11 2127 4f 1df fffff9aa 43 ffffff4b fffffbe4 43
FIXUPS: 7bc68 24 bd 2d 9b 32 43 c 10 c fffff35c 14d eb 1c8 8c 152 6d 238
FIXUPS: 7baa0 fffff1f7 21 35 35 13a fff864cf d 27 11 a d 7bc1f fffffbae
FIXUPS: 7cb99 29 3a 40 3e 33 4b 59 5a c 19 42 3c a7 19 28 c 21 fffff822
FIXUPS: 7c79e d9 13f 9e fffff9e4 fff8cf9a 11 177 3b 6b 34 498 2f8 2e 3fb
FIXUPS: 13ad 16 13 38 12 e 10 fffffbfd 26 26 2d 61 64 5f 5f 4c 1c a 1a
FIXUPS: 12d6 2c 1f 6493 87 42 11 159 3e 65 34 412 b2 a25 6b 1e 4d 69 68
FIXUPS: 8b84 68 42 11 15f 3b 45 2d 219 a6 1a 7b 8c 8a 51 8a ffff9167 23
FIXUPS: 253d 1122 a1 1e 7b2 87c 53 60 442 74 95 54d 443 8a 70 4e7 584 8e
FIXUPS: 632a 1fd bd 82 74f 137 652 97 1d 6f 83 87 5947 109 2c 1c 26 40
FIXUPS: d27d 33 14 10 35 14 33 1c 10 4b 2b 2d 19 38 17 3f 1c 17 10 54 17
FIXUPS: d5bc 45 17 10 ffff4ead 97bb a8 22 310 1e 32 1e 13 d5 1b 1e 10 ec
FIXUPS: c3ab 10 b9 c3 e0 10 24c 21 4e 22 3c0 13 1a5 2b 47 1f fe 60 32 ffffe458
FIXUPS: b521 19 29 1a 1d 17 2c 29 1a 1d 2c 19 29 1a 10 58 14 1d 1f 20 10
FIXUPS: b863 2d 25b 27 39 13 8c 48 1e 30 fffff3cb 2d 1a 2c 19 29 1a 2f
FIXUPS: b15c 32 43 1b 1f 1b 41 2f 10 a9 1d 18 1c 18 18 19 18 18 22 1d 27
FIXUPS: b49d 19 27 fffff7c0 17 18 17 17 f a 24 27 18 27 19 2b 17 18 2d
FIXUPS: ae57 2c 19 29 1a 31 18 18 17 18 1e 19 30 18 17 2c fffff4a1 f5 1e
FIXUPS: a5fe 102 1e a9 1b 2b 10c 23 e 1d e 3a 42 1a 25 1a 40 35 d0 18 18
FIXUPS: abd9 18 18 1a 18 18 1a 18 4aea 25 12 35 12 25 12 26 12 26 12 30
FIXUPS: f8d6 26 12 10 ffffa95e 1c 6e 2a 16 13 37 16 13 3c 10 30 10 31 20
FIXUPS: a4b3 4d50 12 54 12 34 12 43 12 34 12 39 12 35 12 92 12 5b 3b 8
FIXUPS: f535 d f6 12 34 12 26 12 25 12 26 12 26 fffff4ce 25 12 58 1c 2d
FIXUPS: ed15 33 52 11 31 23 52 11 23 11 9e 52 42 12 11 11 50 12 50 12 41
FIXUPS: f113 41 12 57 12 fffff493 34 12 35 12 116 20 3f 30 4c 12 34 12
FIXUPS: e972 12 50 12 39 5f 12 41 12 1a 32 12 13 1e 32 12 13 1e 32 fffff4b1
FIXUPS: e0e8 13 85 27 9f 12 2e 12 35 12 43 12 43 12 43 12 34 12 34 12 26
FIXUPS: e4a2 34 12 53 12 26 12 75 12 44 fffff458 10 1f 12 c 31 12 10 1f
FIXUPS: db79 f 16 16 18 13 1a 278 34 12 1b 1b 12 5f 38 12 24 2b d 27 38
FIXUPS: e075 2d fffff6aa c f d d c 25 c 16 17 1b c d d c 27 58 22 16 2a
FIXUPS: d9a8 c d c d 27 12 12 8 d 38 24 36c5 2b 50 2c 82 3e 8d 41 8f 44
FIXUPS: 114f3 44 90 44 8f 44 90 44 90 44 46 c3 10 ffffbcb4 a d 42 37 c
FIXUPS: d708 2a c 2c74 52 2f 84 41 8f 43 93 47 92 47 92 46 93 47 92 47
FIXUPS: 10a9a 46 1a 253 3f 8f 44 90 44 8d 41 5b 2f 53 2f ffffe940 a 27
FIXUPS: faac 34 12 33 cf 12 2d 12 27 6f 1b 17 15 13 f 10 202 42 93 47 92
FIXUPS: 1014b 8f 43 5d 32 56 31 51 76f1 9c 8b ffffa4c8 15c af 23 11d3 31
FIXUPS: 134bd 15 87 12 1d4 e e e 10 e1 35 35 9f ac 14 487 345 14a ffffb686
FIXUPS: f9da a 1b 26 6e2e 92 1ea 18 92 e5 18 92 8f 114 54 54 54 66 54 54
FIXUPS: 17109 66 54 54 54 66 54 54 54 24 a1 163 22e 87 e2 cf ffffdd12 87
FIXUPS: 1580c 91 102 18 92 c0 18 92 ad 18 92 94 18 92 1bf 18 92 5b 18 92
FIXUPS: 16248 18 91 5c 18 91 1b9 18 92 1e2 ffffe267 1b d9 20 1a 17 11 10
FIXUPS: 14cd6 20 1a 17 11 10 27 f f e 10 cd 115 e4 183 1ee 88 18 92 71
FIXUPS: 1559d 92 94 18 28ea 7 25 f 1c ffffc3e9 d 15b 1a 4a 26 40 32 30
FIXUPS: 146d7 24 4a 59 3f 1a 4a 26 40 32 30 3e 24 4a 59 51 15 15 42d5 26
FIXUPS: 18da0 2d 59 27 4b 3c 39 5a 20 26 26 c 20 5e 1d ffffed9d 8 9 d 54
FIXUPS: 17ea8 30 f 19 19 11 f 19 11 20 247d 1b ffffdc5e 10 12 6e 17 12
FIXUPS: 18157 a 21 34 15 12 12 12 12 12 16 a f 54 15 28 a 121 38 22 1a
FIXUPS: 18c97 24 1e f8d 41 1d 2c 28 2c 26 2e 68 1f 73 29 2a 1d 87 46 2d
FIXUPS: 1a01b 89 2b 2a 1d 8b 47 2e 1f 20 6a 12 82 37 3c fffff0e2 cf 2f
FIXUPS: 195db 10 4d 1b 3d 2f 32 26 39 3a 2b 8e 12 11 8 21 42 1e 91 43 44
FIXUPS: 19a3e 43 43 44 37 2e 8c 25 75f9 8 7 22 2f 2f 10 4b 49 2c 12 11f
FIXUPS: 214c5 48 f1 1c 10 ffff7afd 1f f b 22 2f 75 15 35 2d eb 3b 43 3b
FIXUPS: 19476 7965 18 18 18 c 10 15c 31 26 23 26 28 14 13 38 15 15 c 7
FIXUPS: 2112c 15 14 13 1e 16 8 7 18 16 8 7 19 fffff374 10 c0 10 b4 10 3e8
FIXUPS: 20b17 17 1c 19 1c 19 1c 17 1c 19 1c 19 1c 17 1c 19 1c 19 1c 32
FIXUPS: 20d63 18 18 18 18 ffffd862 41 2e 13 74 15 14 3ba 30 32 38 31 32
FIXUPS: 1ed26 b9 a7 4e b9 ad 54 51 861 45d 384 10 af a1 c2 93 10 b3 10
FIXUPS: 1dabc 2d 78 2d 70 2d 41 b0 2d 70 2d 78 2d 70 2d 41 d7 2d 9d 2d
FIXUPS: 1e1dc 2d 9d 2d 41 7b 30 9a 30 a2 30 9a ffffd8b6 33 44 10 a9 28
FIXUPS: 1c03c 91 89 10 23 2f 21 66 18 8d d 483 cc 10 4e d 59c 1dd 22 34
FIXUPS: 1d0b3 3d 7a8 c9 be 2d ffffdbcc 15 38 2c 23 30 1b 2e b4 1c 19 77
FIXUPS: 1b9a0 e 1c 3f 45 113 af 5 26 52 10 a 27 1b 63 aa 18 4c 2a 1d ffffefcf
FIXUPS: 1ae7e be e2 a 4c 80 68 21 d5 f e 1a f 17 18 18 2f 8 9 c 66 f 11
FIXUPS: 1b3bf 20 10 8b 2d 25 c3 3d 60b6 2b f 2b 54 36 10e f 10 ffff8c3b
FIXUPS: 1a828 1b9 1d2 51 7 5 29 8 16 14 19 37 5b 2a 17 d 86 c 18 5 5 1d
FIXUPS: 21a75 10 11 5a 3c 3c 16 16 16 2b 11 10 da 1d 22 16 e 16 e 16 e
FIXUPS: 21d91 61 10 94 1cb c c c c 13 fffff5b7 5610 1c 84 1a 14 11 10 6f
FIXUPS: 26ddd e 10 7e 34 63 38 3a 39 15 ffffa909 16 33 12 c 1e 15 37 18
FIXUPS: 219db 16 10 38 2d 4c19 26 28 32 30 3e 30 4a 24 56 3a dc 26 23 1d
FIXUPS: 269f4 11 10 28 1a 28 26 28 32 24 3e 21 2b 1a 28 26 24 fffff731
FIXUPS: 2637d 11 40 18 1a 18 42 1d 19 17 11 12 14 12 13 11 1f f 10 f 1d
FIXUPS: 2658f e 11 f 10 1e 17 d 2e 1a fffff862 22 5a 20 3a 3a 3f 3f 37
FIXUPS: 260b8 3b 30 22 2a 23 29 1e 18 2e f f 10 2e 11 13 2e e f 12 15 23
FIXUPS: 26359 fffff591 1a 1b e 12 12b df f 13 33 18 1a 23 d d d d d 10
FIXUPS: 25c8f 1b 26 1b 20 2b 38 1b 1d 5a 3a 33 2d fffff629 2a 12 f 1b f
FIXUPS: 25553 2d 28 40 1d 1d 1d 20 27 21 1f 16 1e 1e 40 1f 16 22 22 23
FIXUPS: 25816 22 23 31 22 24 fffff6b1 28 43 1a 14 6c 43 6c 43 6d 43 6c
FIXUPS: 252d9 14 13 20 20 3a 1a 13 14 f 12 24 2a 12 15 14 14 13 14 11 fffff648
FIXUPS: 24b0c 14 35 34 36 38 37 20 20 63 13 14 14 28 28 43 1a 14 13 29
FIXUPS: 24e31 43 1a 13 14 14 1c 35 19 14 14 fffff6fd 25 15 23 15 14 14
FIXUPS: 24705 14 22 23 13 31 31 14 48 60 14 14 13 20 20 14 14 13 33 32
FIXUPS: 249db 33 32 1d 1d fffff791 5a 6e 1c 1f 12 1c 12 12 2a 12 13 14
FIXUPS: 243d7 1f 24 1d 37 28 2a 20 15 27 1f 16 1d 1d 2b 23 15 26 22 fffff577
FIXUPS: 23bd1 24 12 43 54 54 46 46 48 40 21 14 24 21 23 14 20 14 38 14
FIXUPS: 23f4b 37 14 14 12 21 20 21 75 9d 6d fffff266 45 32 32 33 22 8 b1
FIXUPS: 235c2 7f 28 11 15 15 14 1a 10 2e 16 13 3a c 10 2fb 38 1e 14 25
FIXUPS: 23b37 14 1c 1c fffff215 5 5 5 5 d 2c5 13 15 15 1f d d d d d d d
FIXUPS: 23142 d d d d d d d f 28 183 28 25 28 fffff84f 5 5 b 18 18 8 b
FIXUPS: 22c7b 5 5 5 5 5 f 39 5 b 18 18 8 5 5 5 5 5 b 18 18 8 b 8 fffff372
FIXUPS: 2210a 5 5 5 19 a a b 8 31 5 5 5 14 14 68 15 2f6 74 275 4d 346 a
FIXUPS: 22bc4 5 b 18 18 8 5 5 4a78 37 149 236 26f 35 35 37 42 35 35 37
FIXUPS: 27e79 35 35 37 3d 35 35 37 15d 3d 2a 123 37 48f 2b 14 22 1c 4a8
FIXUPS: 220fd edae 27 a8 12 90 12 a 46 fa 16 c 2c 90 12 d1 67 a7 1e 802
FIXUPS: 31f8e 4e ffff527d 12 54 eb 93 7d 5c 45 5f 45 51 812e ec 163 13d
FIXUPS: 2fccd 60 213 49 6a 1e 1d 184 d9 dd 2d e5 11b 136 60 5b 48 5c 6c
FIXUPS: 308fa 68 197 7a 73 70 96 36 b6 ffffd690 40 5b 101 c3 36 40 1c 30
FIXUPS: 2e808 10 fc 44 14f 14 4d 5 5 60 1a7 1d0 29 b 53 44 278 56 ef e1
FIXUPS: 2f52a 112 11d ffffcc89 b5 177 f7 28 258 83 19 67 91 1b a1e 1a8
FIXUPS: 2d764 13e cf 268 28 64 35b 1f 3d 5b 8b e 15 4b 39 ab 1f 98 a6 ffffc635
FIXUPS: 2aa1c 36 36 36 36 36 36 36 36 36 36 20 2e7 58 e6 b2 a7 177 15c
FIXUPS: 2b564 19 17c 1a 326 34 13e 16 600 38 33 f9 ffffd544 11 229 141
FIXUPS: 29bf8 36a d de 1f 96 9 48 9 ac 70 47 9 3b 69 2d 9 39 12 1bb 101
FIXUPS: 2a6db 122 2e e3 36 36 36 7827 53 af 4b 1f 4e a3 e1 2a 1a7 6a 7ef
FIXUPS: 32fa9 3d 2a 1e 10 55 6c 54 6c ffff5b5c 1cf 30f 51b 11 45 11 45
FIXUPS: 297d1 45 11 11f9e 1e 21 14 24 1e 19 17 19e 1a b56 29 62 2a 471
FIXUPS: 3cae7 62 2a 490 29 62 2a 223 1f aef 29 62 2a 4ff c6 ffff3d05 50
FIXUPS: 3b1c9 18 18 36 18 18 2e a8 4f 35 37 43 2e 2f 2c 2c 3c 33 35 30
FIXUPS: 3b5ef 33 34 31 1b 3d 14 24 1e 2b 2d 14 ffffea66 14 205 b 28 b 42
FIXUPS: 3a4ab 2c b 6e b 22 b 3c b 26 b 9d8 57 1c e 1c e 1c 4f 1c e 1c e
FIXUPS: 3b15e 30 ffffce45 20 a1 48 10 18 1c 1c 1d 10 10 59 a 14 19 1e6
FIXUPS: 3843d 6b 6f 43 6b 70 44 14 f 1926 67 6a 3e 6d 42 43 ffffd539 d
FIXUPS: 37745 20 29 4d 25 33 81 f 54 8 5 d 43 23 18 77 81 1a 82 1a 2e 1c1
FIXUPS: 37dd1 62 10 1b 10d f f 2f ffffe8a6 53 7c 180 ff 22d 38 17 b8 14
FIXUPS: 36f08 10 5e 12 3c 68 2a 47 17 31 2c 47 17 15 1ae d0 160 eb 10 2e
FIXUPS: 3769b 57 ffffebc1 5 d 4a 45 8 7c f 5 63 50 6d 8 1e 11d 2c 58 18
FIXUPS: 366f3 15 8 19 8 5 e 8 7 5 22 14 1e a5 ffffeb35 76 47 2aa d7 20
FIXUPS: 35804 29 d6 18a ca 1b2 63 5d 63 79 12 14d 62 29 a0 8 5 5 43 16
FIXUPS: 361c0 23 d 62 1d 3f ffffe1b9 10 16 66 2b e5 22 c c f4 ea 17c 28
FIXUPS: 349e9 16 10 16 11 16 96 90 99 22 e5 21 22 c c c 15b 3a3 76 ffffe750
FIXUPS: 33a53 36 2e 2e 2f 2c 2c e7 3c 22 22 16 10 46 14 14 27 1e 2b 2b
FIXUPS: 33e2d 2b 2d 48 2b 1f c 10 41e e1 1f ffffeeeb 1e 34 d 15 137 32
FIXUPS: 335b2 5 3a 39 1b 10 1b 11 1b 25 4e 24 8c 5c 11 21 18 42 2a 2c 16
FIXUPS: 33975 2b 16 1a b06b 42 11 c 11 10 58 e 11 10 51 e 11 10 51 e 11
FIXUPS: 3ec42 55 e 11 10 36 f 10 ffff44f0 1c 35 35 31 1c 2f b28c 53 33
FIXUPS: 3e639 12 1e 53 33 1a 36 1d 33 1a 36 20 30 1a 36 20 30 1a 3a 24
FIXUPS: 3e97d 11 c 11 10 42 11 c 11 713b 97 28 9f 99 28 8a 1e 2d7 7c 13d
FIXUPS: 46355 28 57 2b 2ee 14d 199 20 20 20 ff0 39 903 ffff6130 1a 12 1e
FIXUPS: 3e526 29 1a 12 5674 51 51 63 51 51 51 1f 82 b19 8f ff 7a ef 74
FIXUPS: 44ddd 69 eb 73 57 1d 153 11f f b7 46 1b1 43 d 20 8 211 ffffcd1e
FIXUPS: 42651 4b 70 193 46f 4a3 51 51 51 63 51 51 51 63 51 51 51 63 51
FIXUPS: 43655 51 1f 22d 51 51 51 63 51 51 51 63 ffffd2b4 e15 89 12 17 8
FIXUPS: 41d63 12 17 8 27 1b e 1b 15 1b e 1b f 1b 20 29d 10 58 f f e f 13
FIXUPS: 4220b d 108 ffffcd39 28 19 27 19 28 19 27 f6 b0 23 1d 1a 13 2c
FIXUPS: 3f395 14 14 14 11 e f f e 10 dd8 5bb 56d 29 a4 1c 1e 78f9 69 1c
FIXUPS: 487d3 fffffe0e b 2b 10 31 1a ffff66f8 1b 35 28 2d 33 26 40 27 4b
FIXUPS: 3ef35 1b a 1b a 1b a 1b a 1b 35 27 9cf5 2f 12 1f 1f 29 30 18 15
FIXUPS: 48e54 31 10 c 27 3f 3a 16 12 1e 1e 28 fffff830 16 17 1c 13 46 16
FIXUPS: 488c5 fffffdef 29 29 1ab0 16 18 c 13 98 19 2a a d ffffe65a 6a 6b
FIXUPS: 48a34 10 25 12 34 1a 6c 4b 4c 12 48 47 15 c 13 47 15 c 13 f84 13
FIXUPS: 49ccb c 13 51 c 16 c 1a 41 20 20 20 20 2d 4a 51 24 42 23 72 4d
FIXUPS: 4a079 23 23 25 23 23 23 23 23 fffff6a4 16 c 1a 31 20 20 20 1d 22
FIXUPS: 49963 20 20 29 32 20 20 20 41 25 23 23 23 23 2f 23 23 33 23 23
FIXUPS: 49c61 23 7ca 10 46 c 10 ffffeb47 8 10 21 2f f 10 1b 1f 20 22 22
FIXUPS: 49149 1f 20 22 22 48 23 8 b de 135 222 26 11f 67 44e6 ec b8 53
FIXUPS: 4df3b 11 35 274 a9 2e3 1f 114 99 53 33 13 25f a9 ab 1b 1e 118 ffffb636
FIXUPS: 4a336 f 22 13 36 16 13 4b 1e 1572 1f 6b 8 6d 8 31 8 14a 733 1c
FIXUPS: 4c400 5a 2f bf6 11e 37 1b8 2c 22 7c 60 35 297 b8 35 34 73 f5 5a
FIXUPS: 4dc0d e5 ffffcd6a 126 2c 16d 140 8 3f4 8 15d 8 36 8 4f 8 68 8 36
FIXUPS: 4b507 4f 8 55 8 36 8 4f 8 28 1a6 6e 75 2e 63 c9d9 d8 50 14c 4c
FIXUPS: 58748 7d 94 53 32 8 df cb c c3 eb 11 18 b2 8f 22 25 22 148 28 24b
FIXUPS: 595e3 13 ffff13d8 16 32 8 990f 10 dce f 6f6 164 28 7a 83 88 af
FIXUPS: 55c60 127 12e 2f 13f8 4f 10c 101 59 92 244 130 2f 197 50 45 281
FIXUPS: 57e81 cf 35c f ffff8f32 26 2c1 a 75f 4c 9 e 19 7f6 218 d9 8f 11
FIXUPS: 5285c 21 3c ec 1c 64 2a1 3b 1b 37 1e 15 11 33 d 13 df 32 ffffd0ca
FIXUPS: 50113 3c 19c 159 8 24 115 35 11d 1a9 13e 47 8 36 2d 61 38 c8 157
FIXUPS: 50d99 2d 62 1ae 5d 5d 48 3c 3c 40 2c c 900b 1b 22 ffff4b0f f f
FIXUPS: 4ed4b f f e f f e f 10 2c d d d 17 a a a a a a 12 f8f 11a 1f 3e
FIXUPS: 4ff9c af1f d 27 10 ffffecd0 18 f f c 17 28 16 38 1c 1c 1c 23 b
FIXUPS: 59d4c 144 12 1a 15 7d 25 1b 22 140 12 1a 15 7d 89e 1b 20 21 43
FIXUPS: 5ab0e 17 1e 26 1c 42 23 29 2c 16 d 1c d 1c 9d c 11 a f 18 a c f
FIXUPS: 5adc3 19 b6 1f 27d2 42 a0 36 f 21 10 30 2b d 31 8 d 40 5b ae 22
FIXUPS: 5da16 9e 37 f 1a ffffcd42 26 26 26 2f 29 29 26 29 26 25dd f 1a
FIXUPS: 5cfeb 2b d 31 d 2b 8 d 38 42 24 12a a0 42 f 21 10 30 2b d 31 d
FIXUPS: 5d45c 8 d 38 42 38 134 fffff2d4 f 1a 4f 12 44 10 42 f 1a 53 19
FIXUPS: 5cb09 9e 48 2b 34 18 25 2b d 31 8 35 38 46 b1 19 19 19 19 9e ffffefd1
FIXUPS: 5bf96 10 1a7 1f 26 1f a5 6f 20 54 15 10 16d 2b d 31 8 57 36 46
FIXUPS: 5c710 19 20 29 20 29 20 19 3a 1d a1 ffffe9d3 ae 30 205 7 2b d 31
FIXUPS: 5b62a 46 3e 24 2e 6d 16 10 10 170 22a 130 5f 26 d 2c 30 33 1c 10
FIXUPS: 5be61 c 10 9d 2a46 7b 16 1a 1e f c 10 ffffc4f2 38 19 14 5 14 5
FIXUPS: 5afce 5 5 5 d 3d 5 5 5 5 5 5 5 39 22 115 dd 314d 31 a 19 c 3b 32
FIXUPS: 5e4bb 19 c 94 f f 9 19 10 5a 24 8 ed 3e 16 16 b 94 1c 3a 1a e 20
FIXUPS: 5e8f3 4d fffff395 10 43 4e 21 50 41 46 f 46 1d c f 2f 5 cd 8 7
FIXUPS: 5e01b 12 25 14 2c 12 6b 12 3d 12 c8 12 3f 12 2bf9 cd7 a 9 12 19
FIXUPS: 61cd7 a 9 12 19 4b3 a 9 12 19 30 7f 12 16 39 b6 12 16 ffffb7dc
FIXUPS: 5dbe1 4a 16 4b 21 8 7 188b 1d 12d a3 8 1d b9 9 12 2a 2c 2a 77 2a
FIXUPS: 5f9a2 9 10 16 110 16 ae 12 16 108e a 9 12 19 1bd a 9 12 19a7 4f7
FIXUPS: 637b4 ffffb681 10 10 70 10 10 79 10 10 7f 10 10 87 8 14 41 5f 8
FIXUPS: 5f182 3e 10 40 10 8d 93 8 1a 13b a2
